Component: ARM Compiler 5.06 update 1 (build 61) Tool: armlink [4d35a8]

==============================================================================

Section Cross References

    startup_stm32f100xb.o(RESET) refers to startup_stm32f100xb.o(STACK) for __initial_sp
    startup_stm32f100xb.o(RESET) refers to startup_stm32f100xb.o(.text) for Reset_Handler
    startup_stm32f100xb.o(RESET) refers to stm32f1xx_it.o(i.NMI_Handler) for NMI_Handler
    startup_stm32f100xb.o(RESET) refers to stm32f1xx_it.o(i.HardFault_Handler) for HardFault_Handler
    startup_stm32f100xb.o(RESET) refers to stm32f1xx_it.o(i.MemManage_Handler) for MemManage_Handler
    startup_stm32f100xb.o(RESET) refers to stm32f1xx_it.o(i.BusFault_Handler) for BusFault_Handler
    startup_stm32f100xb.o(RESET) refers to stm32f1xx_it.o(i.UsageFault_Handler) for UsageFault_Handler
    startup_stm32f100xb.o(RESET) refers to port.o(.emb_text) for SVC_Handler
    startup_stm32f100xb.o(RESET) refers to stm32f1xx_it.o(i.DebugMon_Handler) for DebugMon_Handler
    startup_stm32f100xb.o(RESET) refers to stm32f1xx_it.o(i.SysTick_Handler) for SysTick_Handler
    startup_stm32f100xb.o(.text) refers to system_stm32f1xx.o(i.SystemInit) for SystemInit
    startup_stm32f100xb.o(.text) refers to entry.o(.ARM.Collect$$$$00000000) for __main
    main.o(i.MX_GPIO_Init) refers to stm32f1xx_hal_gpio.o(i.HAL_GPIO_WritePin) for HAL_GPIO_WritePin
    main.o(i.MX_GPIO_Init) refers to stm32f1xx_hal_gpio.o(i.HAL_GPIO_Init) for HAL_GPIO_Init
    main.o(i.MX_USART1_UART_Init) refers to stm32f1xx_hal_uart.o(i.HAL_UART_Init) for HAL_UART_Init
    main.o(i.MX_USART1_UART_Init) refers to main.o(i._Error_Handler) for _Error_Handler
    main.o(i.MX_USART1_UART_Init) refers to main.o(.bss) for huart1
    main.o(i.MX_USART2_UART_Init) refers to stm32f1xx_hal_uart.o(i.HAL_UART_Init) for HAL_UART_Init
    main.o(i.MX_USART2_UART_Init) refers to main.o(i._Error_Handler) for _Error_Handler
    main.o(i.MX_USART2_UART_Init) refers to main.o(.bss) for huart2
    main.o(i.StartDefaultTask) refers to cmsis_os.o(i.osDelay) for osDelay
    main.o(i.SystemClock_Config) refers to stm32f1xx_hal_rcc.o(i.HAL_RCC_OscConfig) for HAL_RCC_OscConfig
    main.o(i.SystemClock_Config) refers to main.o(i._Error_Handler) for _Error_Handler
    main.o(i.SystemClock_Config) refers to stm32f1xx_hal_rcc.o(i.HAL_RCC_ClockConfig) for HAL_RCC_ClockConfig
    main.o(i.SystemClock_Config) refers to stm32f1xx_hal_rcc.o(i.HAL_RCC_GetHCLKFreq) for HAL_RCC_GetHCLKFreq
    main.o(i.SystemClock_Config) refers to stm32f1xx_hal_cortex.o(i.HAL_SYSTICK_Config) for HAL_SYSTICK_Config
    main.o(i.SystemClock_Config) refers to stm32f1xx_hal_cortex.o(i.HAL_SYSTICK_CLKSourceConfig) for HAL_SYSTICK_CLKSourceConfig
    main.o(i.SystemClock_Config) refers to stm32f1xx_hal_cortex.o(i.HAL_NVIC_SetPriority) for HAL_NVIC_SetPriority
    main.o(i.main) refers to stm32f1xx_hal.o(i.HAL_Init) for HAL_Init
    main.o(i.main) refers to main.o(i.SystemClock_Config) for SystemClock_Config
    main.o(i.main) refers to main.o(i.MX_GPIO_Init) for MX_GPIO_Init
    main.o(i.main) refers to main.o(i.MX_USART1_UART_Init) for MX_USART1_UART_Init
    main.o(i.main) refers to main.o(i.MX_USART2_UART_Init) for MX_USART2_UART_Init
    main.o(i.main) refers to cmd_iface.o(i.Cmd_Iface_Init) for Cmd_Iface_Init
    main.o(i.main) refers to memmovea.o(.text) for __aeabi_memcpy4
    main.o(i.main) refers to cmsis_os.o(i.osThreadCreate) for osThreadCreate
    main.o(i.main) refers to cmsis_os.o(i.osKernelStart) for osKernelStart
    main.o(i.main) refers to main.o(.constdata) for .constdata
    main.o(i.main) refers to main.o(.data) for defaultTaskHandle
    main.o(.constdata) refers to main.o(.conststring) for .conststring
    main.o(.constdata) refers to main.o(i.StartDefaultTask) for StartDefaultTask
    stm32f1xx_it.o(i.SysTick_Handler) refers to stm32f1xx_hal.o(i.HAL_IncTick) for HAL_IncTick
    stm32f1xx_it.o(i.SysTick_Handler) refers to cmsis_os.o(i.osSystickHandler) for osSystickHandler
    stm32f1xx_hal_msp.o(i.HAL_MspInit) refers to stm32f1xx_hal_cortex.o(i.HAL_NVIC_SetPriorityGrouping) for HAL_NVIC_SetPriorityGrouping
    stm32f1xx_hal_msp.o(i.HAL_MspInit) refers to stm32f1xx_hal_cortex.o(i.HAL_NVIC_SetPriority) for HAL_NVIC_SetPriority
    stm32f1xx_hal_msp.o(i.HAL_UART_MspDeInit) refers to stm32f1xx_hal_gpio.o(i.HAL_GPIO_DeInit) for HAL_GPIO_DeInit
    stm32f1xx_hal_msp.o(i.HAL_UART_MspInit) refers to stm32f1xx_hal_gpio.o(i.HAL_GPIO_Init) for HAL_GPIO_Init
    cmd_iface.o(i.Cmd_Iface_Init) refers to queue.o(i.xQueueGenericCreate) for xQueueGenericCreate
    cmd_iface.o(i.Cmd_Iface_Init) refers to queue.o(i.xQueueGenericSend) for xQueueGenericSend
    cmd_iface.o(i.Cmd_Iface_Init) refers to microrl.o(i.microrl_init) for microrl_init
    cmd_iface.o(i.Cmd_Iface_Init) refers to microrl.o(i.microrl_set_execute_callback) for microrl_set_execute_callback
[...]
    Removing stm32f1xx_hal_gpio_ex.o(.rev16_text), (4 bytes).
    Removing stm32f1xx_hal_gpio_ex.o(.revsh_text), (4 bytes).
    Removing stm32f1xx_hal_gpio_ex.o(.rrx_text), (6 bytes).
    Removing stm32f1xx_hal_gpio_ex.o(i.HAL_GPIOEx_ConfigEventout), (24 bytes).
    Removing stm32f1xx_hal_gpio_ex.o(i.HAL_GPIOEx_DisableEventout), (20 bytes).
    Removing stm32f1xx_hal_gpio_ex.o(i.HAL_GPIOEx_EnableEventout), (20 bytes).
    Removing stm32f1xx_hal.o(.rev16_text), (4 bytes).
    Removing stm32f1xx_hal.o(.revsh_text), (4 bytes).
    Removing stm32f1xx_hal.o(.rrx_text), (6 bytes).
    Removing stm32f1xx_hal.o(i.HAL_DBGMCU_DisableDBGSleepMode), (20 bytes).
    Removing stm32f1xx_hal.o(i.HAL_DBGMCU_DisableDBGStandbyMode), (20 bytes).
    Removing stm32f1xx_hal.o(i.HAL_DBGMCU_DisableDBGStopMode), (20 bytes).
    Removing stm32f1xx_hal.o(i.HAL_DBGMCU_EnableDBGSleepMode), (20 bytes).
    Removing stm32f1xx_hal.o(i.HAL_DBGMCU_EnableDBGStandbyMode), (20 bytes).
    Removing stm32f1xx_hal.o(i.HAL_DBGMCU_EnableDBGStopMode), (20 bytes).
    Removing stm32f1xx_hal.o(i.HAL_DeInit), (36 bytes).
    Removing stm32f1xx_hal.o(i.HAL_GetDEVID), (16 bytes).
    Removing stm32f1xx_hal.o(i.HAL_GetHalVersion), (8 bytes).
    Removing stm32f1xx_hal.o(i.HAL_GetREVID), (28 bytes).
    Removing stm32f1xx_hal.o(i.HAL_MspDeInit), (2 bytes).
    Removing stm32f1xx_hal.o(i.HAL_MspInit), (2 bytes).
    Removing stm32f1xx_hal.o(i.HAL_ResumeTick), (18 bytes).
    Removing stm32f1xx_hal.o(i.HAL_SuspendTick), (18 bytes).
    Removing stm32f1xx_hal_rcc.o(.rev16_text), (4 bytes).
    Removing stm32f1xx_hal_rcc.o(.revsh_text), (4 bytes).
    Removing stm32f1xx_hal_rcc.o(.rrx_text), (6 bytes).
    Removing stm32f1xx_hal_rcc.o(i.HAL_RCC_CSSCallback), (2 bytes).
    Removing stm32f1xx_hal_rcc.o(i.HAL_RCC_DeInit), (96 bytes).
    Removing stm32f1xx_hal_rcc.o(i.HAL_RCC_DisableCSS), (28 bytes).
    Removing stm32f1xx_hal_rcc.o(i.HAL_RCC_EnableCSS), (24 bytes).
    Removing stm32f1xx_hal_rcc.o(i.HAL_RCC_GetClockConfig), (56 bytes).
    Removing stm32f1xx_hal_rcc.o(i.HAL_RCC_GetOscConfig), (212 bytes).
    Removing stm32f1xx_hal_rcc.o(i.HAL_RCC_MCOConfig), (100 bytes).
    Removing stm32f1xx_hal_rcc.o(i.HAL_RCC_NMI_IRQHandler), (32 bytes).
    Removing stm32f1xx_hal_rcc_ex.o(.rev16_text), (4 bytes).
    Removing stm32f1xx_hal_rcc_ex.o(.revsh_text), (4 bytes).
    Removing stm32f1xx_hal_rcc_ex.o(.rrx_text), (6 bytes).
    Removing stm32f1xx_hal_rcc_ex.o(i.HAL_RCCEx_GetPeriphCLKConfig), (40 bytes).
    Removing stm32f1xx_hal_rcc_ex.o(i.HAL_RCCEx_GetPeriphCLKFreq), (152 bytes).
    Removing stm32f1xx_hal_rcc_ex.o(i.HAL_RCCEx_PeriphCLKConfig), (352 bytes).
    Removing stm32f1xx_hal_tim.o(.rev16_text), (4 bytes).
    Removing stm32f1xx_hal_tim.o(.revsh_text), (4 bytes).
    Removing stm32f1xx_hal_tim.o(.rrx_text), (6 bytes).
    Removing stm32f1xx_hal_tim_ex.o(.rev16_text), (4 bytes).
    Removing stm32f1xx_hal_tim_ex.o(.revsh_text), (4 bytes).
    Removing stm32f1xx_hal_tim_ex.o(.rrx_text), (6 bytes).
    Removing stm32f1xx_hal_uart.o(.rev16_text), (4 bytes).
    Removing stm32f1xx_hal_uart.o(.revsh_text), (4 bytes).
    Removing stm32f1xx_hal_uart.o(.rrx_text), (6 bytes).
    Removing stm32f1xx_hal_uart.o(i.HAL_HalfDuplex_EnableReceiver), (64 bytes).
    Removing stm32f1xx_hal_uart.o(i.HAL_HalfDuplex_EnableTransmitter), (66 bytes).
    Removing stm32f1xx_hal_uart.o(i.HAL_HalfDuplex_Init), (114 bytes).
    Removing stm32f1xx_hal_uart.o(i.HAL_LIN_Init), (130 bytes).
    Removing stm32f1xx_hal_uart.o(i.HAL_LIN_SendBreak), (62 bytes).
    Removing stm32f1xx_hal_uart.o(i.HAL_MultiProcessor_EnterMuteMode), (62 bytes).
    Removing stm32f1xx_hal_uart.o(i.HAL_MultiProcessor_ExitMuteMode), (62 bytes).
    Removing stm32f1xx_hal_uart.o(i.HAL_MultiProcessor_Init), (134 bytes).
    Removing stm32f1xx_hal_uart.o(i.HAL_UART_DMAPause), (118 bytes).
    Removing stm32f1xx_hal_uart.o(i.HAL_UART_DMAResume), (156 bytes).
    Removing stm32f1xx_hal_uart.o(i.HAL_UART_DMAStop), (46 bytes).
    Removing stm32f1xx_hal_uart.o(i.HAL_UART_DeInit), (68 bytes).
    Removing stm32f1xx_hal_uart.o(i.HAL_UART_ErrorCallback), (2 bytes).
    Removing stm32f1xx_hal_uart.o(i.HAL_UART_GetError), (6 bytes).
    Removing stm32f1xx_hal_uart.o(i.HAL_UART_GetState), (8 bytes).
    Removing stm32f1xx_hal_uart.o(i.HAL_UART_IRQHandler), (218 bytes).
    Removing stm32f1xx_hal_uart.o(i.HAL_UART_MspDeInit), (2 bytes).
    Removing stm32f1xx_hal_uart.o(i.HAL_UART_MspInit), (2 bytes).
    Removing stm32f1xx_hal_uart.o(i.HAL_UART_Receive), (248 bytes).
    Removing stm32f1xx_hal_uart.o(i.HAL_UART_Receive_DMA), (160 bytes).
    Removing stm32f1xx_hal_uart.o(i.HAL_UART_Receive_IT), (134 bytes).
    Removing stm32f1xx_hal_uart.o(i.HAL_UART_RxCpltCallback), (2 bytes).
    Removing stm32f1xx_hal_uart.o(i.HAL_UART_RxHalfCpltCallback), (2 bytes).
    Removing stm32f1xx_hal_uart.o(i.HAL_UART_Transmit), (240 bytes).
    Removing stm32f1xx_hal_uart.o(i.HAL_UART_Transmit_DMA), (168 bytes).
    Removing stm32f1xx_hal_uart.o(i.HAL_UART_Transmit_IT), (110 bytes).
    Removing stm32f1xx_hal_uart.o(i.HAL_UART_TxCpltCallback), (2 bytes).
    Removing stm32f1xx_hal_uart.o(i.HAL_UART_TxHalfCpltCallback), (2 bytes).
    Removing stm32f1xx_hal_uart.o(i.UART_DMAError), (34 bytes).
    Removing stm32f1xx_hal_uart.o(i.UART_DMAReceiveCplt), (62 bytes).
    Removing stm32f1xx_hal_uart.o(i.UART_DMARxHalfCplt), (14 bytes).
    Removing stm32f1xx_hal_uart.o(i.UART_DMATransmitCplt), (54 bytes).
    Removing stm32f1xx_hal_uart.o(i.UART_DMATxHalfCplt), (14 bytes).
    Removing stm32f1xx_hal_uart.o(i.UART_EndTransmit_IT), (48 bytes).
    Removing stm32f1xx_hal_uart.o(i.UART_Receive_IT), (188 bytes).
    Removing stm32f1xx_hal_uart.o(i.UART_Transmit_IT), (112 bytes).
    Removing stm32f1xx_hal_uart.o(i.UART_WaitOnFlagUntilTimeout), (250 bytes).
    Removing event_groups.o(i.prvTestWaitCondition), (30 bytes).
    Removing event_groups.o(i.vEventGroupClearBitsCallback), (16 bytes).
    Removing event_groups.o(i.vEventGroupDelete), (68 bytes).
    Removing event_groups.o(i.vEventGroupSetBitsCallback), (16 bytes).
    Removing event_groups.o(i.xEventGroupClearBits), (64 bytes).
    Removing event_groups.o(i.xEventGroupCreate), (26 bytes).
    Removing event_groups.o(i.xEventGroupGetBitsFromISR), (28 bytes).
    Removing event_groups.o(i.xEventGroupSetBits), (178 bytes).
    Removing event_groups.o(i.xEventGroupSync), (210 bytes).
    Removing event_groups.o(i.xEventGroupWaitBits), (266 bytes).
    Removing cmsis_os.o(.rev16_text), (4 bytes).
    Removing cmsis_os.o(.revsh_text), (4 bytes).
    Removing cmsis_os.o(i.inHandlerMode), (16 bytes).
    Removing cmsis_os.o(i.makeCmsisPriority), (18 bytes).
    Removing cmsis_os.o(i.osDelayUntil), (6 bytes).
    Removing cmsis_os.o(i.osKernelRunning), (18 bytes).
    Removing cmsis_os.o(i.osKernelSysTick), (20 bytes).
    Removing cmsis_os.o(i.osMailAlloc), (24 bytes).
    Removing cmsis_os.o(i.osMailCAlloc), (40 bytes).
    Removing cmsis_os.o(i.osMailCreate), (122 bytes).
    Removing cmsis_os.o(i.osMailFree), (22 bytes).
    Removing cmsis_os.o(i.osMailGet), (144 bytes).
    Removing cmsis_os.o(i.osMailPut), (88 bytes).
    Removing cmsis_os.o(i.osMessageCreate), (18 bytes).
    Removing cmsis_os.o(i.osMessageGet), (148 bytes).
    Removing cmsis_os.o(i.osMessagePeek), (88 bytes).
    Removing cmsis_os.o(i.osMessagePut), (88 bytes).
    Removing cmsis_os.o(i.osMutexCreate), (12 bytes).
    Removing cmsis_os.o(i.osMutexDelete), (24 bytes).
    Removing cmsis_os.o(i.osMutexRelease), (72 bytes).
    Removing cmsis_os.o(i.osMutexWait), (100 bytes).
    Removing cmsis_os.o(i.osPoolAlloc), (102 bytes).
    Removing cmsis_os.o(i.osPoolCAlloc), (22 bytes).
    Removing cmsis_os.o(i.osPoolCreate), (112 bytes).
    Removing cmsis_os.o(i.osPoolFree), (74 bytes).
    Removing cmsis_os.o(i.osRecursiveMutexCreate), (6 bytes).
    Removing cmsis_os.o(i.osRecursiveMutexRelease), (6 bytes).
    Removing cmsis_os.o(i.osRecursiveMutexWait), (6 bytes).
    Removing cmsis_os.o(i.osSemaphoreCreate), (44 bytes).
    Removing cmsis_os.o(i.osSemaphoreDelete), (24 bytes).
    Removing cmsis_os.o(i.osSemaphoreRelease), (72 bytes).
    Removing cmsis_os.o(i.osSemaphoreWait), (100 bytes).
    Removing cmsis_os.o(i.osSignalSet), (84 bytes).
    Removing cmsis_os.o(i.osSignalWait), (98 bytes).
    Removing cmsis_os.o(i.osThreadGetId), (8 bytes).
    Removing cmsis_os.o(i.osThreadGetPriority), (38 bytes).
    Removing cmsis_os.o(i.osThreadList), (6 bytes).
    Removing cmsis_os.o(i.osThreadResume), (44 bytes).
    Removing cmsis_os.o(i.osThreadResumeAll), (18 bytes).
    Removing cmsis_os.o(i.osThreadSetPriority), (26 bytes).
    Removing cmsis_os.o(i.osThreadSuspend), (14 bytes).
    Removing cmsis_os.o(i.osThreadSuspendAll), (10 bytes).
    Removing cmsis_os.o(i.osThreadTerminate), (14 bytes).
    Removing cmsis_os.o(i.osThreadYield), (10 bytes).
    Removing cmsis_os.o(i.osTimerCreate), (6 bytes).
    Removing cmsis_os.o(i.osTimerDelete), (8 bytes).
    Removing cmsis_os.o(i.osTimerStart), (8 bytes).
    Removing cmsis_os.o(i.osTimerStop), (8 bytes).
    Removing tasks.o(i.prvTaskIsTaskSuspended), (76 bytes).
    Removing tasks.o(i.pvTaskIncrementMutexHeldCount), (32 bytes).
    Removing tasks.o(i.ulTaskNotifyTake), (180 bytes).
    Removing tasks.o(i.uxTaskGetNumberOfTasks), (12 bytes).
    Removing tasks.o(i.uxTaskPriorityGet), (36 bytes).
    Removing tasks.o(i.uxTaskPriorityGetFromISR), (48 bytes).
    Removing tasks.o(i.uxTaskResetEventItemValue), (28 bytes).
    Removing tasks.o(i.vTaskDelete), (192 bytes).
    Removing tasks.o(i.vTaskEndScheduler), (24 bytes).
    Removing tasks.o(i.vTaskNotifyGiveFromISR), (180 bytes).
    Removing tasks.o(i.vTaskPlaceOnUnorderedEventList), (152 bytes).
    Removing tasks.o(i.vTaskPriorityInherit), (176 bytes).
    Removing tasks.o(i.vTaskPrioritySet), (248 bytes).
    Removing tasks.o(i.vTaskResume), (116 bytes).
    Removing tasks.o(i.vTaskSuspend), (200 bytes).
    Removing tasks.o(i.xTaskGenericNotify), (216 bytes).
    Removing tasks.o(i.xTaskGenericNotifyFromISR), (260 bytes).
    Removing tasks.o(i.xTaskGetCurrentTaskHandle), (12 bytes).
    Removing tasks.o(i.xTaskGetTickCount), (12 bytes).
    Removing tasks.o(i.xTaskGetTickCountFromISR), (20 bytes).
    Removing tasks.o(i.xTaskNotifyStateClear), (56 bytes).
    Removing tasks.o(i.xTaskNotifyWait), (212 bytes).
    Removing tasks.o(i.xTaskRemoveFromUnorderedEventList), (148 bytes).
    Removing tasks.o(i.xTaskResumeFromISR), (148 bytes).
    Removing queue.o(i.prvCopyDataFromQueue), (42 bytes).
    Removing queue.o(i.prvIsQueueEmpty), (26 bytes).
    Removing queue.o(i.uxQueueMessagesWaiting), (28 bytes).
    Removing queue.o(i.uxQueueMessagesWaitingFromISR), (20 bytes).
    Removing queue.o(i.uxQueueSpacesAvailable), (34 bytes).
    Removing queue.o(i.vQueueAddToRegistry), (44 bytes).
    Removing queue.o(i.vQueueDelete), (30 bytes).
    Removing queue.o(i.vQueueUnregisterQueue), (44 bytes).
    Removing queue.o(i.xQueueCreateMutex), (72 bytes).
    Removing queue.o(i.xQueueGenericReceive), (346 bytes).
    Removing queue.o(i.xQueueGenericSendFromISR), (172 bytes).
    Removing queue.o(i.xQueueGiveFromISR), (148 bytes).
    Removing queue.o(i.xQueueIsQueueEmptyFromISR), (28 bytes).
    Removing queue.o(i.xQueueIsQueueFullFromISR), (32 bytes).
    Removing queue.o(i.xQueuePeekFromISR), (110 bytes).
    Removing queue.o(i.xQueueReceiveFromISR), (136 bytes).
    Removing queue.o(.bss), (64 bytes).
    Removing heap_4.o(i.vPortInitialiseBlocks), (2 bytes).
    Removing heap_4.o(i.xPortGetFreeHeapSize), (12 bytes).
    Removing heap_4.o(i.xPortGetMinimumEverFreeHeapSize), (12 bytes).
    Removing port.o(i.vPortEndScheduler), (36 bytes).
    Removing port.o(i.vPortValidateInterruptPriority), (92 bytes).
    Removing dadd.o(.text), (334 bytes).
    Removing dmul.o(.text), (228 bytes).
    Removing ddiv.o(.text), (222 bytes).
    Removing dfixul.o(.text), (48 bytes).
    Removing cdrcmple.o(.text), (48 bytes).
    Removing depilogue.o(.text), (186 bytes).

308 unused section(s) (total 20394 bytes) removed from the image.

==============================================================================

Image Symbol Table

    Local Symbols

    Symbol Name                              Value     Ov Type        Size  Object(Section)

    ../Drivers/STM32F1xx_HAL_Driver/Src/stm32f1xx_hal.c 0x00000000   Number         0  stm32f1xx_hal.o ABSOLUTE
    ../Drivers/STM32F1xx_HAL_Driver/Src/stm32f1xx_hal_cortex.c 0x00000000   Number         0  stm32f1xx_hal_cortex.o ABSOLUTE
    ../Drivers/STM32F1xx_HAL_Driver/Src/stm32f1xx_hal_dma.c 0x00000000   Number         0  stm32f1xx_hal_dma.o ABSOLUTE
    ../Drivers/STM32F1xx_HAL_Driver/Src/stm32f1xx_hal_flash.c 0x00000000   Number         0  stm32f1xx_hal_flash.o ABSOLUTE
    ../Drivers/STM32F1xx_HAL_Driver/Src/stm32f1xx_hal_flash_ex.c 0x00000000   Number         0  stm32f1xx_hal_flash_ex.o ABSOLUTE
    ../Drivers/STM32F1xx_HAL_Driver/Src/stm32f1xx_hal_gpio.c 0x00000000   Number         0  stm32f1xx_hal_gpio.o ABSOLUTE
    ../Drivers/STM32F1xx_HAL_Driver/Src/stm32f1xx_hal_gpio_ex.c 0x00000000   Number         0  stm32f1xx_hal_gpio_ex.o ABSOLUTE
    ../Drivers/STM32F1xx_HAL_Driver/Src/stm32f1xx_hal_pwr.c 0x00000000   Number         0  stm32f1xx_hal_pwr.o ABSOLUTE
    ../Drivers/STM32F1xx_HAL_Driver/Src/stm32f1xx_hal_rcc.c 0x00000000   Number         0  stm32f1xx_hal_rcc.o ABSOLUTE
    ../Drivers/STM32F1xx_HAL_Driver/Src/stm32f1xx_hal_rcc_ex.c 0x00000000   Number         0  stm32f1xx_hal_rcc_ex.o ABSOLUTE
    ../Drivers/STM32F1xx_HAL_Driver/Src/stm32f1xx_hal_tim.c 0x00000000   Number         0  stm32f1xx_hal_tim.o ABSOLUTE
    ../Drivers/STM32F1xx_HAL_Driver/Src/stm32f1xx_hal_tim_ex.c 0x00000000   Number         0  stm32f1xx_hal_tim_ex.o ABSOLUTE
    ../Drivers/STM32F1xx_HAL_Driver/Src/stm32f1xx_hal_uart.c 0x00000000   Number         0  stm32f1xx_hal_uart.o ABSOLUTE
    ../Middlewares/Third_Party/FreeRTOS/Source/CMSIS_RTOS/cmsis_os.c 0x00000000   Number         0  cmsis_os.o ABSOLUTE
    ../Middlewares/Third_Party/FreeRTOS/Source/croutine.c 0x00000000   Number         0  croutine.o ABSOLUTE
    ../Middlewares/Third_Party/FreeRTOS/Source/event_groups.c 0x00000000   Number         0  event_groups.o ABSOLUTE
    ../Middlewares/Third_Party/FreeRTOS/Source/list.c 0x00000000   Number         0  list.o ABSOLUTE
    ../Middlewares/Third_Party/FreeRTOS/Source/portable/MemMang/heap_4.c 0x00000000   Number         0  heap_4.o ABSOLUTE
    ../Middlewares/Third_Party/FreeRTOS/Source/portable/RVDS/ARM_CM3/port.c 0x00000000   Number         0  port.o ABSOLUTE
    ../Middlewares/Third_Party/FreeRTOS/Source/queue.c 0x00000000   Number         0  queue.o ABSOLUTE
    ../Middlewares/Third_Party/FreeRTOS/Source/tasks.c 0x00000000   Number         0  tasks.o ABSOLUTE
    ../Middlewares/Third_Party/FreeRTOS/Source/timers.c 0x00000000   Number         0  timers.o ABSOLUTE
    ../Src/freertos.c                        0x00000000   Number         0  freertos.o ABSOLUTE
    ../Src/main.c                            0x00000000   Number         0  main.o ABSOLUTE
    ../Src/stm32f1xx_hal_msp.c               0x00000000   Number         0  stm32f1xx_hal_msp.o ABSOLUTE
    ../Src/stm32f1xx_it.c                    0x00000000   Number         0  stm32f1xx_it.o ABSOLUTE
    ../Src/system_stm32f1xx.c                0x00000000   Number         0  system_stm32f1xx.o ABSOLUTE
    ../clib/microlib/ctype/ctype.c           0x00000000   Number         0  ctype_o.o ABSOLUTE
    ../clib/microlib/ctype/ctype.c           0x00000000   Number         0  isxdigit_o.o ABSOLUTE
    ../clib/microlib/ctype/ctype.c           0x00000000   Number         0  isupper_o.o ABSOLUTE
    ../clib/microlib/ctype/ctype.c           0x00000000   Number         0  isspace_o.o ABSOLUTE
    ../clib/microlib/ctype/ctype.c           0x00000000   Number         0  ispunct_o.o ABSOLUTE
    ../clib/microlib/ctype/ctype.c           0x00000000   Number         0  isprint_o.o ABSOLUTE
    ../clib/microlib/ctype/ctype.c           0x00000000   Number         0  islower_o.o ABSOLUTE
    ../clib/microlib/ctype/ctype.c           0x00000000   Number         0  isgraph_o.o ABSOLUTE
    ../clib/microlib/ctype/ctype.c           0x00000000   Number         0  isdigit_o.o ABSOLUTE
    ../clib/microlib/ctype/ctype.c           0x00000000   Number         0  iscntrl_o.o ABSOLUTE
    ../clib/microlib/ctype/ctype.c           0x00000000   Number         0  isblank_o.o ABSOLUTE
    ../clib/microlib/ctype/ctype.c           0x00000000   Number         0  isalpha_o.o ABSOLUTE
    ../clib/microlib/ctype/ctype.c           0x00000000   Number         0  isalnum_o.o ABSOLUTE
    ../clib/microlib/division.c              0x00000000   Number         0  uldiv.o ABSOLUTE
    ../clib/microlib/division.c              0x00000000   Number         0  uidiv.o ABSOLUTE
    ../clib/microlib/errno.c                 0x00000000   Number         0  errno.o ABSOLUTE
    ../clib/microlib/init/entry.s            0x00000000   Number         0  entry9a.o ABSOLUTE
    ../clib/microlib/init/entry.s            0x00000000   Number         0  entry2.o ABSOLUTE
    ../clib/microlib/init/entry.s            0x00000000   Number         0  entry5.o ABSOLUTE
    ../clib/microlib/init/entry.s            0x00000000   Number         0  entry7a.o ABSOLUTE
    ../clib/microlib/init/entry.s            0x00000000   Number         0  entry7b.o ABSOLUTE
    ../clib/microlib/init/entry.s            0x00000000   Number         0  entry11b.o ABSOLUTE
    ../clib/microlib/init/entry.s            0x00000000   Number         0  entry8a.o ABSOLUTE
    ../clib/microlib/init/entry.s            0x00000000   Number         0  entry8b.o ABSOLUTE
    ../clib/microlib/init/entry.s            0x00000000   Number         0  entry.o ABSOLUTE
    ../clib/microlib/init/entry.s            0x00000000   Number         0  entry9b.o ABSOLUTE
    ../clib/microlib/init/entry.s            0x00000000   Number         0  entry10a.o ABSOLUTE
    ../clib/microlib/init/entry.s            0x00000000   Number         0  entry10b.o ABSOLUTE
    ../clib/microlib/init/entry.s            0x00000000   Number         0  entry11a.o ABSOLUTE
    ../clib/microlib/longlong.c              0x00000000   Number         0  llushr.o ABSOLUTE
    ../clib/microlib/longlong.c              0x00000000   Number         0  llsshr.o ABSOLUTE
    ../clib/microlib/longlong.c              0x00000000   Number         0  llshl.o ABSOLUTE
    ../clib/microlib/printf/printf.c         0x00000000   Number         0  printf0.o ABSOLUTE
    ../clib/microlib/printf/printf.c         0x00000000   Number         0  printfb.o ABSOLUTE
    ../clib/microlib/printf/printf.c         0x00000000   Number         0  printf1.o ABSOLUTE
    ../clib/microlib/printf/printf.c         0x00000000   Number         0  printfa.o ABSOLUTE
    ../clib/microlib/printf/printf.c         0x00000000   Number         0  printf8.o ABSOLUTE
    ../clib/microlib/printf/printf.c         0x00000000   Number         0  printf7.o ABSOLUTE
    ../clib/microlib/printf/printf.c         0x00000000   Number         0  printf6.o ABSOLUTE
    ../clib/microlib/printf/printf.c         0x00000000   Number         0  printf5.o ABSOLUTE
    ../clib/microlib/printf/printf.c         0x00000000   Number         0  printf4.o ABSOLUTE
    ../clib/microlib/printf/printf.c         0x00000000   Number         0  printf3.o ABSOLUTE
    ../clib/microlib/printf/printf.c         0x00000000   Number         0  printf2.o ABSOLUTE
    ../clib/microlib/printf/stubs.s          0x00000000   Number         0  stubs.o ABSOLUTE
    ../clib/microlib/stdio/fputc.c           0x00000000   Number         0  fputc.o ABSOLUTE
    ../clib/microlib/stdio/semi.s            0x00000000   Number         0  semi.o ABSOLUTE
    ../clib/microlib/stdio/streams.c         0x00000000   Number         0  stdout.o ABSOLUTE
    ../clib/microlib/string/memcpy.c         0x00000000   Number         0  memmovea.o ABSOLUTE
    ../clib/microlib/string/memcpy.c         0x00000000   Number         0  memcpya.o ABSOLUTE
    ../clib/microlib/string/memcpy.c         0x00000000   Number         0  memmoveb.o ABSOLUTE
    ../clib/microlib/string/memcpy.c         0x00000000   Number         0  memcpyb.o ABSOLUTE
    ../clib/microlib/string/memset.c         0x00000000   Number         0  memseta.o ABSOLUTE
    ../clib/microlib/string/strcmp.c         0x00000000   Number         0  strcmp.o ABSOLUTE
    ../clib/microlib/string/strlen.c         0x00000000   Number         0  strlen.o ABSOLUTE
    ../clib/microlib/string/strstr.c         0x00000000   Number         0  strstr.o ABSOLUTE
    ../clib/microlib/stubs.s                 0x00000000   Number         0  iusefp.o ABSOLUTE
    ../clib/microlib/stubs.s                 0x00000000   Number         0  iusesemip.o ABSOLUTE
    ../clib/scanf.c                          0x00000000   Number         0  _strtoul.o ABSOLUTE
    ../clib/scanf.c                          0x00000000   Number         0  strtol.o ABSOLUTE
    ../clib/scanf.c                          0x00000000   Number         0  _chval.o ABSOLUTE
    ../clib/scanf.c                          0x00000000   Number         0  atoi.o ABSOLUTE
    ../fplib/microlib/fpadd.c                0x00000000   Number         0  dadd.o ABSOLUTE
    ../fplib/microlib/fpdiv.c                0x00000000   Number         0  ddiv.o ABSOLUTE
    ../fplib/microlib/fpepilogue.c           0x00000000   Number         0  depilogue.o ABSOLUTE
    ../fplib/microlib/fpfix.c                0x00000000   Number         0  dfixul.o ABSOLUTE
    ../fplib/microlib/fpmul.c                0x00000000   Number         0  dmul.o ABSOLUTE
    ..\Drivers\STM32F1xx_HAL_Driver\Src\stm32f1xx_hal.c 0x00000000   Number         0  stm32f1xx_hal.o ABSOLUTE
    ..\Drivers\STM32F1xx_HAL_Driver\Src\stm32f1xx_hal_cortex.c 0x00000000   Number         0  stm32f1xx_hal_cortex.o ABSOLUTE
    ..\Drivers\STM32F1xx_HAL_Driver\Src\stm32f1xx_hal_dma.c 0x00000000   Number         0  stm32f1xx_hal_dma.o ABSOLUTE
    ..\Drivers\STM32F1xx_HAL_Driver\Src\stm32f1xx_hal_flash.c 0x00000000   Number         0  stm32f1xx_hal_flash.o ABSOLUTE
    ..\Drivers\STM32F1xx_HAL_Driver\Src\stm32f1xx_hal_flash_ex.c 0x00000000   Number         0  stm32f1xx_hal_flash_ex.o ABSOLUTE
    ..\Drivers\STM32F1xx_HAL_Driver\Src\stm32f1xx_hal_gpio.c 0x00000000   Number         0  stm32f1xx_hal_gpio.o ABSOLUTE
    ..\Drivers\STM32F1xx_HAL_Driver\Src\stm32f1xx_hal_gpio_ex.c 0x00000000   Number         0  stm32f1xx_hal_gpio_ex.o ABSOLUTE
    ..\Drivers\STM32F1xx_HAL_Driver\Src\stm32f1xx_hal_pwr.c 0x00000000   Number         0  stm32f1xx_hal_pwr.o ABSOLUTE
    ..\Drivers\STM32F1xx_HAL_Driver\Src\stm32f1xx_hal_rcc.c 0x00000000   Number         0  stm32f1xx_hal_rcc.o ABSOLUTE
    ..\Drivers\STM32F1xx_HAL_Driver\Src\stm32f1xx_hal_rcc_ex.c 0x00000000   Number         0  stm32f1xx_hal_rcc_ex.o ABSOLUTE
    ..\Drivers\STM32F1xx_HAL_Driver\Src\stm32f1xx_hal_tim.c 0x00000000   Number         0  stm32f1xx_hal_tim.o ABSOLUTE
    ..\Drivers\STM32F1xx_HAL_Driver\Src\stm32f1xx_hal_tim_ex.c 0x00000000   Number         0  stm32f1xx_hal_tim_ex.o ABSOLUTE
    ..\Drivers\STM32F1xx_HAL_Driver\Src\stm32f1xx_hal_uart.c 0x00000000   Number         0  stm32f1xx_hal_uart.o ABSOLUTE
    ..\Middlewares\Third_Party\FreeRTOS\Source\CMSIS_RTOS\cmsis_os.c 0x00000000   Number         0  cmsis_os.o ABSOLUTE
    ..\Middlewares\Third_Party\FreeRTOS\Source\portable\RVDS\ARM_CM3\port.c 0x00000000   Number         0  port.o ABSOLUTE
    ..\Src\cmd_iface.c                       0x00000000   Number         0  cmd_iface.o ABSOLUTE
    ..\Src\main.c                            0x00000000   Number         0  main.o ABSOLUTE
    ..\Src\stm32f1xx_hal_msp.c               0x00000000   Number         0  stm32f1xx_hal_msp.o ABSOLUTE
    ..\Src\stm32f1xx_it.c                    0x00000000   Number         0  stm32f1xx_it.o ABSOLUTE
    ..\Src\system_stm32f1xx.c                0x00000000   Number         0  system_stm32f1xx.o ABSOLUTE
    ..\\Src\\cmd_iface.c                     0x00000000   Number         0  cmd_iface.o ABSOLUTE
    ..\microrl\src\microrl.c                 0x00000000   Number         0  microrl.o ABSOLUTE
    cdrcmple.s                               0x00000000   Number         0  cdrcmple.o ABSOLUTE
    dc.s                                     0x00000000   Number         0  dc.o ABSOLUTE
    handlers.s                               0x00000000   Number         0  handlers.o ABSOLUTE
    init.s                                   0x00000000   Number         0  init.o ABSOLUTE
    startup_stm32f100xb.s                    0x00000000   Number         0  startup_stm32f100xb.o ABSOLUTE
    RESET                                    0x08000000   Section      288  startup_stm32f100xb.o(RESET)
    .ARM.Collect$$$$00000000                 0x08000120   Section        0  entry.o(.ARM.Collect$$$$00000000)
    .ARM.Collect$$$$00000001                 0x08000120   Section        4  entry2.o(.ARM.Collect$$$$00000001)
    .ARM.Collect$$$$00000004                 0x08000124   Section        4  entry5.o(.ARM.Collect$$$$00000004)
    .ARM.Collect$$$$00000008                 0x08000128   Section        0  entry7b.o(.ARM.Collect$$$$00000008)
    .ARM.Collect$$$$0000000A                 0x08000128   Section        0  entry8b.o(.ARM.Collect$$$$0000000A)
    .ARM.Collect$$$$0000000B                 0x08000128   Section        8  entry9a.o(.ARM.Collect$$$$0000000B)
    .ARM.Collect$$$$0000000D                 0x08000130   Section        0  entry10a.o(.ARM.Collect$$$$0000000D)
    .ARM.Collect$$$$0000000F                 0x08000130   Section        0  entry11a.o(.ARM.Collect$$$$0000000F)
    .ARM.Collect$$$$00002712                 0x08000130   Section        4  entry2.o(.ARM.Collect$$$$00002712)
    __lit__00000000                          0x08000130   Data           4  entry2.o(.ARM.Collect$$$$00002712)
    .emb_text                                0x08000134   Section      162  port.o(.emb_text)
    .text                                    0x080001d8   Section       36  startup_stm32f100xb.o(.text)
    .text                                    0x080001fc   Section        0  memmovea.o(.text)
    .text                                    0x0800023c   Section        0  memseta.o(.text)
    .text                                    0x08000260   Section        0  strstr.o(.text)
    .text                                    0x08000284   Section        0  strlen.o(.text)
    .text                                    0x08000292   Section        0  strcmp.o(.text)
    .text                                    0x080002ae   Section        0  atoi.o(.text)
    .text                                    0x080002c8   Section        0  uidiv.o(.text)
    .text                                    0x080002f4   Section        0  strtol.o(.text)
    .text                                    0x08000364   Section       36  init.o(.text)
    .text                                    0x08000388   Section        0  ctype_o.o(.text)
    .text                                    0x08000390   Section        0  _strtoul.o(.text)
    .text                                    0x0800042e   Section        0  _chval.o(.text)
    i.BusFault_Handler                       0x0800044a   Section        0  stm32f1xx_it.o(i.BusFault_Handler)
    i.Cmd_Iface_Init                         0x08000450   Section        0  cmd_iface.o(i.Cmd_Iface_Init)
    i.Cmd_Iface_Task                         0x080004e8   Section        0  cmd_iface.o(i.Cmd_Iface_Task)
    Cmd_Iface_Task                           0x080004e9   Thumb Code    20  cmd_iface.o(i.Cmd_Iface_Task)
    i.DebugMon_Handler                       0x08000500   Section        0  stm32f1xx_it.o(i.DebugMon_Handler)
    i.HAL_Delay                              0x08000502   Section        0  stm32f1xx_hal.o(i.HAL_Delay)
    i.HAL_GPIO_Init                          0x0800051c   Section        0  stm32f1xx_hal_gpio.o(i.HAL_GPIO_Init)
    i.HAL_GPIO_WritePin                      0x08000838   Section        0  stm32f1xx_hal_gpio.o(i.HAL_GPIO_WritePin)
    i.HAL_GetTick                            0x08000844   Section        0  stm32f1xx_hal.o(i.HAL_GetTick)
    i.HAL_IncTick                            0x08000850   Section        0  stm32f1xx_hal.o(i.HAL_IncTick)
    i.HAL_Init                               0x08000860   Section        0  stm32f1xx_hal.o(i.HAL_Init)
    i.HAL_InitTick                           0x08000876   Section        0  stm32f1xx_hal.o(i.HAL_InitTick)
    i.HAL_MspInit                            0x0800089c   Section        0  stm32f1xx_hal_msp.o(i.HAL_MspInit)
    i.HAL_NVIC_SetPriority                   0x08000928   Section        0  stm32f1xx_hal_cortex.o(i.HAL_NVIC_SetPriority)
    i.HAL_NVIC_SetPriorityGrouping           0x080009a4   Section        0  stm32f1xx_hal_cortex.o(i.HAL_NVIC_SetPriorityGrouping)
    i.HAL_RCC_ClockConfig                    0x080009cc   Section        0  stm32f1xx_hal_rcc.o(i.HAL_RCC_ClockConfig)
    i.HAL_RCC_GetHCLKFreq                    0x08000c0c   Section        0  stm32f1xx_hal_rcc.o(i.HAL_RCC_GetHCLKFreq)
    i.HAL_RCC_GetPCLK1Freq                   0x08000c18   Section        0  stm32f1xx_hal_rcc.o(i.HAL_RCC_GetPCLK1Freq)
    i.HAL_RCC_GetPCLK2Freq                   0x08000c44   Section        0  stm32f1xx_hal_rcc.o(i.HAL_RCC_GetPCLK2Freq)
    i.HAL_RCC_GetSysClockFreq                0x08000c70   Section        0  stm32f1xx_hal_rcc.o(i.HAL_RCC_GetSysClockFreq)
    i.HAL_RCC_OscConfig                      0x08000d40   Section        0  stm32f1xx_hal_rcc.o(i.HAL_RCC_OscConfig)
    i.HAL_SYSTICK_CLKSourceConfig            0x080015b8   Section        0  stm32f1xx_hal_cortex.o(i.HAL_SYSTICK_CLKSourceConfig)
    i.HAL_SYSTICK_Config                     0x080015e0   Section        0  stm32f1xx_hal_cortex.o(i.HAL_SYSTICK_Config)
    i.HAL_UART_Init                          0x08001614   Section        0  stm32f1xx_hal_uart.o(i.HAL_UART_Init)
    i.HAL_UART_MspInit                       0x08001684   Section        0  stm32f1xx_hal_msp.o(i.HAL_UART_MspInit)
    i.HardFault_Handler                      0x08001738   Section        0  stm32f1xx_it.o(i.HardFault_Handler)
    i.MX_GPIO_Init                           0x0800173c   Section        0  main.o(i.MX_GPIO_Init)
    MX_GPIO_Init                             0x0800173d   Thumb Code   246  main.o(i.MX_GPIO_Init)
    i.MX_USART1_UART_Init                    0x08001848   Section        0  main.o(i.MX_USART1_UART_Init)
    MX_USART1_UART_Init                      0x08001849   Thumb Code    50  main.o(i.MX_USART1_UART_Init)
    i.MX_USART2_UART_Init                    0x08001894   Section        0  main.o(i.MX_USART2_UART_Init)
    MX_USART2_UART_Init                      0x08001895   Thumb Code    50  main.o(i.MX_USART2_UART_Init)
    i.MemManage_Handler                      0x080018e0   Section        0  stm32f1xx_it.o(i.MemManage_Handler)
    i.NMI_Handler                            0x080018e4   Section        0  stm32f1xx_it.o(i.NMI_Handler)
    i.NVIC_GetPriorityGrouping               0x080018e8   Section        0  stm32f1xx_hal_cortex.o(i.NVIC_GetPriorityGrouping)
    NVIC_GetPriorityGrouping                 0x080018e9   Thumb Code    10  stm32f1xx_hal_cortex.o(i.NVIC_GetPriorityGrouping)
    i.NVIC_SetPriority                       0x080018f8   Section        0  stm32f1xx_hal_cortex.o(i.NVIC_SetPriority)
    NVIC_SetPriority                         0x080018f9   Thumb Code    32  stm32f1xx_hal_cortex.o(i.NVIC_SetPriority)
    i.StartDefaultTask                       0x08001920   Section        0  main.o(i.StartDefaultTask)
    i.SysTick_Handler                        0x0800192a   Section        0  stm32f1xx_it.o(i.SysTick_Handler)
    i.SystemClock_Config                     0x08001938   Section        0  main.o(i.SystemClock_Config)
    i.SystemInit                             0x080019bc   Section        0  system_stm32f1xx.o(i.SystemInit)
    i.UART_SetConfig                         0x08001a18   Section        0  stm32f1xx_hal_uart.o(i.UART_SetConfig)
    UART_SetConfig                           0x08001a19   Thumb Code   450  stm32f1xx_hal_uart.o(i.UART_SetConfig)
    i.UsageFault_Handler                     0x08001be0   Section        0  stm32f1xx_it.o(i.UsageFault_Handler)
    i._Error_Handler                         0x08001be4   Section        0  main.o(i._Error_Handler)
    i.__0snprintf$1                          0x08001be8   Section        0  printf1.o(i.__0snprintf$1)
    i.__aeabi_errno_addr                     0x08001c10   Section        0  errno.o(i.__aeabi_errno_addr)
    i.__scatterload_copy                     0x08001c18   Section       14  handlers.o(i.__scatterload_copy)
    i.__scatterload_null                     0x08001c26   Section        2  handlers.o(i.__scatterload_null)
    i.__scatterload_zeroinit                 0x08001c28   Section       14  handlers.o(i.__scatterload_zeroinit)
    i._printf_core                           0x08001c38   Section        0  printf1.o(i._printf_core)
    _printf_core                             0x08001c39   Thumb Code   336  printf1.o(i._printf_core)
    i._snputc                                0x08001d8c   Section        0  printf1.o(i._snputc)
    _snputc                                  0x08001d8d   Thumb Code    22  printf1.o(i._snputc)
    i.common_len                             0x08001da2   Section        0  microrl.o(i.common_len)
    common_len                               0x08001da3   Thumb Code   100  microrl.o(i.common_len)
    i.complet                                0x08001e08   Section        0  cmd_iface.o(i.complet)
    i.escape_process                         0x08001ee8   Section        0  microrl.o(i.escape_process)
    escape_process                           0x08001ee9   Thumb Code   176  microrl.o(i.escape_process)
    i.execute                                0x08001f98   Section        0  cmd_iface.o(i.execute)
    i.get_char                               0x08002168   Section        0  cmd_iface.o(i.get_char)
    i.main                                   0x08002188   Section        0  main.o(i.main)
    i.makeFreeRtosPriority                   0x080021c8   Section        0  cmsis_os.o(i.makeFreeRtosPriority)
    makeFreeRtosPriority                     0x080021c9   Thumb Code    14  cmsis_os.o(i.makeFreeRtosPriority)
    i.microrl_backspace                      0x080021d8   Section        0  microrl.o(i.microrl_backspace)
    microrl_backspace                        0x080021d9   Thumb Code    68  microrl.o(i.microrl_backspace)
    i.microrl_get_complite                   0x08002224   Section        0  microrl.o(i.microrl_get_complite)
    microrl_get_complite                     0x08002225   Thumb Code   222  microrl.o(i.microrl_get_complite)
    i.microrl_init                           0x0800230c   Section        0  microrl.o(i.microrl_init)
    i.microrl_insert_char                    0x0800233c   Section        0  microrl.o(i.microrl_insert_char)
    i.microrl_insert_text                    0x08002478   Section        0  microrl.o(i.microrl_insert_text)
    microrl_insert_text                      0x08002479   Thumb Code   122  microrl.o(i.microrl_insert_text)
    i.microrl_set_complete_callback          0x080024f2   Section        0  microrl.o(i.microrl_set_complete_callback)
    i.microrl_set_execute_callback           0x080024f6   Section        0  microrl.o(i.microrl_set_execute_callback)
    i.microrl_set_sigint_callback            0x080024fa   Section        0  microrl.o(i.microrl_set_sigint_callback)
    i.new_line_handler                       0x08002500   Section        0  microrl.o(i.new_line_handler)
    i.osDelay                                0x08002574   Section        0  cmsis_os.o(i.osDelay)
    i.osKernelStart                          0x0800258c   Section        0  cmsis_os.o(i.osKernelStart)
    i.osSystickHandler                       0x08002596   Section        0  cmsis_os.o(i.osSystickHandler)
    i.osThreadCreate                         0x080025a6   Section        0  cmsis_os.o(i.osThreadCreate)
    i.print                                  0x080025e0   Section        0  cmd_iface.o(i.print)
    i.print_help                             0x08002618   Section        0  cmd_iface.o(i.print_help)
    i.print_prompt                           0x0800268c   Section        0  microrl.o(i.print_prompt)
    print_prompt                             0x0800268d   Thumb Code    14  microrl.o(i.print_prompt)
    i.prvAddCurrentTaskToDelayedList         0x0800269c   Section        0  tasks.o(i.prvAddCurrentTaskToDelayedList)
    prvAddCurrentTaskToDelayedList           0x0800269d   Thumb Code    62  tasks.o(i.prvAddCurrentTaskToDelayedList)
    i.prvAllocateTCBAndStack                 0x080026f0   Section        0  tasks.o(i.prvAllocateTCBAndStack)
    prvAllocateTCBAndStack                   0x080026f1   Thumb Code    54  tasks.o(i.prvAllocateTCBAndStack)
    i.prvCheckTasksWaitingTermination        0x08002728   Section        0  tasks.o(i.prvCheckTasksWaitingTermination)
    prvCheckTasksWaitingTermination          0x08002729   Thumb Code    86  tasks.o(i.prvCheckTasksWaitingTermination)
    i.prvCopyDataToQueue                     0x0800278c   Section        0  queue.o(i.prvCopyDataToQueue)
    prvCopyDataToQueue                       0x0800278d   Thumb Code   128  queue.o(i.prvCopyDataToQueue)
    i.prvDeleteTCB                           0x0800280c   Section        0  tasks.o(i.prvDeleteTCB)
    prvDeleteTCB                             0x0800280d   Thumb Code    18  tasks.o(i.prvDeleteTCB)
    i.prvHeapInit                            0x08002820   Section        0  heap_4.o(i.prvHeapInit)
    prvHeapInit                              0x08002821   Thumb Code    98  heap_4.o(i.prvHeapInit)
    i.prvIdleTask                            0x0800289c   Section        0  tasks.o(i.prvIdleTask)
    prvIdleTask                              0x0800289d   Thumb Code    20  tasks.o(i.prvIdleTask)
    i.prvInitialiseTCBVariables              0x080028b4   Section        0  tasks.o(i.prvInitialiseTCBVariables)
    prvInitialiseTCBVariables                0x080028b5   Thumb Code    98  tasks.o(i.prvInitialiseTCBVariables)
    i.prvInitialiseTaskLists                 0x08002918   Section        0  tasks.o(i.prvInitialiseTaskLists)
    prvInitialiseTaskLists                   0x08002919   Thumb Code    70  tasks.o(i.prvInitialiseTaskLists)
    i.prvInsertBlockIntoFreeList             0x08002980   Section        0  heap_4.o(i.prvInsertBlockIntoFreeList)
    prvInsertBlockIntoFreeList               0x08002981   Thumb Code    96  heap_4.o(i.prvInsertBlockIntoFreeList)
    i.prvIsQueueFull                         0x080029e8   Section        0  queue.o(i.prvIsQueueFull)
    prvIsQueueFull                           0x080029e9   Thumb Code    30  queue.o(i.prvIsQueueFull)
    i.prvResetNextTaskUnblockTime            0x08002a08   Section        0  tasks.o(i.prvResetNextTaskUnblockTime)
    prvResetNextTaskUnblockTime              0x08002a09   Thumb Code    42  tasks.o(i.prvResetNextTaskUnblockTime)
    i.prvTaskExitError                       0x08002a3c   Section        0  port.o(i.prvTaskExitError)
    prvTaskExitError                         0x08002a3d   Thumb Code    32  port.o(i.prvTaskExitError)
    i.prvUnlockQueue                         0x08002a60   Section        0  queue.o(i.prvUnlockQueue)
    prvUnlockQueue                           0x08002a61   Thumb Code   126  queue.o(i.prvUnlockQueue)
    i.pvPortMalloc                           0x08002ae0   Section        0  heap_4.o(i.pvPortMalloc)
    i.pxPortInitialiseStack                  0x08002bf4   Section        0  port.o(i.pxPortInitialiseStack)
    i.sigint                                 0x08002c14   Section        0  cmd_iface.o(i.sigint)
    i.split                                  0x08002c30   Section        0  microrl.o(i.split)
    split                                    0x08002c31   Thumb Code    88  microrl.o(i.split)
    i.terminal_move_cursor                   0x08002c88   Section        0  microrl.o(i.terminal_move_cursor)
    terminal_move_cursor                     0x08002c89   Thumb Code    60  microrl.o(i.terminal_move_cursor)
    i.terminal_newline                       0x08002cd4   Section        0  microrl.o(i.terminal_newline)
    terminal_newline                         0x08002cd5   Thumb Code    14  microrl.o(i.terminal_newline)
    i.terminal_print_line                    0x08002ce8   Section        0  microrl.o(i.terminal_print_line)
    terminal_print_line                      0x08002ce9   Thumb Code    78  microrl.o(i.terminal_print_line)
    i.terminal_reset_cursor                  0x08002d3c   Section        0  microrl.o(i.terminal_reset_cursor)
    terminal_reset_cursor                    0x08002d3d   Thumb Code    34  microrl.o(i.terminal_reset_cursor)
    i.uxListRemove                           0x08002d6c   Section        0  list.o(i.uxListRemove)
    i.vListInitialise                        0x08002d94   Section        0  list.o(i.vListInitialise)
    i.vListInitialiseItem                    0x08002dae   Section        0  list.o(i.vListInitialiseItem)
    i.vListInsert                            0x08002db4   Section        0  list.o(i.vListInsert)
    i.vListInsertEnd                         0x08002de8   Section        0  list.o(i.vListInsertEnd)
    i.vPortEnterCritical                     0x08002e00   Section        0  port.o(i.vPortEnterCritical)
    i.vPortExitCritical                      0x08002e44   Section        0  port.o(i.vPortExitCritical)
    i.vPortFree                              0x08002e70   Section        0  heap_4.o(i.vPortFree)
    i.vPortSetupTimerInterrupt               0x08002ee8   Section        0  port.o(i.vPortSetupTimerInterrupt)
    i.vPortYield                             0x08002f08   Section        0  port.o(i.vPortYield)
    i.vTaskDelay                             0x08002f20   Section        0  tasks.o(i.vTaskDelay)
    i.vTaskMissedYield                       0x08002f90   Section        0  tasks.o(i.vTaskMissedYield)
    i.vTaskPlaceOnEventList                  0x08002f9c   Section        0  tasks.o(i.vTaskPlaceOnEventList)
    i.vTaskSetTimeOutState                   0x0800300c   Section        0  tasks.o(i.vTaskSetTimeOutState)
    i.vTaskStartScheduler                    0x08003030   Section        0  tasks.o(i.vTaskStartScheduler)
    i.vTaskSuspendAll                        0x08003090   Section        0  tasks.o(i.vTaskSuspendAll)
    i.vTaskSwitchContext                     0x080030a0   Section        0  tasks.o(i.vTaskSwitchContext)
    i.xPortStartScheduler                    0x08003120   Section        0  port.o(i.xPortStartScheduler)
    i.xPortSysTickHandler                    0x080031c0   Section        0  port.o(i.xPortSysTickHandler)
    i.xQueueGenericCreate                    0x080031e0   Section        0  queue.o(i.xQueueGenericCreate)
    i.xQueueGenericReset                     0x08003246   Section        0  queue.o(i.xQueueGenericReset)
    i.xQueueGenericSend                      0x080032be   Section        0  queue.o(i.xQueueGenericSend)
    i.xTaskCheckForTimeOut                   0x08003400   Section        0  tasks.o(i.xTaskCheckForTimeOut)
    i.xTaskGenericCreate                     0x08003474   Section        0  tasks.o(i.xTaskGenericCreate)
    i.xTaskGetSchedulerState                 0x080035a8   Section        0  tasks.o(i.xTaskGetSchedulerState)
    i.xTaskIncrementTick                     0x080035c8   Section        0  tasks.o(i.xTaskIncrementTick)
    i.xTaskPriorityDisinherit                0x08003704   Section        0  tasks.o(i.xTaskPriorityDisinherit)
    i.xTaskRemoveFromEventList               0x080037b0   Section        0  tasks.o(i.xTaskRemoveFromEventList)
    i.xTaskResumeAll                         0x0800383c   Section        0  tasks.o(i.xTaskResumeAll)
    .constdata                               0x08003924   Section       20  main.o(.constdata)
    .constdata                               0x08003938   Section       24  system_stm32f1xx.o(.constdata)
    .constdata                               0x08003950   Section      129  ctype_o.o(.constdata)
    .constdata                               0x080039d4   Section        4  ctype_o.o(.constdata)
    table                                    0x080039d4   Data           4  ctype_o.o(.constdata)
    .conststring                             0x080039d8   Section       12  main.o(.conststring)
    .conststring                             0x080039e4   Section      221  cmd_iface.o(.conststring)
    .conststring                             0x08003ac4   Section       17  microrl.o(.conststring)
    .data                                    0x20000000   Section        4  main.o(.data)
    .data                                    0x20000004   Section       32  cmd_iface.o(.data)
    .data                                    0x20000024   Section        4  system_stm32f1xx.o(.data)
    .data                                    0x20000028   Section        4  stm32f1xx_hal.o(.data)
    uwTick                                   0x20000028   Data           4  stm32f1xx_hal.o(.data)
    .data                                    0x2000002c   Section       56  tasks.o(.data)
    pxDelayedTaskList                        0x20000030   Data           4  tasks.o(.data)
    pxOverflowDelayedTaskList                0x20000034   Data           4  tasks.o(.data)
    uxTasksDeleted                           0x20000038   Data           4  tasks.o(.data)
    uxCurrentNumberOfTasks                   0x2000003c   Data           4  tasks.o(.data)
    xTickCount                               0x20000040   Data           4  tasks.o(.data)
    uxTopReadyPriority                       0x20000044   Data           4  tasks.o(.data)
    xSchedulerRunning                        0x20000048   Data           4  tasks.o(.data)
    uxPendedTicks                            0x2000004c   Data           4  tasks.o(.data)
    xYieldPending                            0x20000050   Data           4  tasks.o(.data)
    xNumOfOverflows                          0x20000054   Data           4  tasks.o(.data)
    uxTaskNumber                             0x20000058   Data           4  tasks.o(.data)
    xNextTaskUnblockTime                     0x2000005c   Data           4  tasks.o(.data)
    uxSchedulerSuspended                     0x20000060   Data           4  tasks.o(.data)
    .data                                    0x20000064   Section       24  heap_4.o(.data)
    xStart                                   0x20000064   Data           8  heap_4.o(.data)
    pxEnd                                    0x2000006c   Data           4  heap_4.o(.data)
    xFreeBytesRemaining                      0x20000070   Data           4  heap_4.o(.data)
    xMinimumEverFreeBytesRemaining           0x20000074   Data           4  heap_4.o(.data)
    xBlockAllocatedBit                       0x20000078   Data           4  heap_4.o(.data)
    .data                                    0x2000007c   Section       12  port.o(.data)
    uxCriticalNesting                        0x2000007c   Data           4  port.o(.data)
    ucMaxSysCallPriority                     0x20000080   Data           1  port.o(.data)
    ulMaxPRIGROUPValue                       0x20000084   Data           4  port.o(.data)
    .data                                    0x20000088   Section        4  microrl.o(.data)
    .data                                    0x2000008c   Section        4  errno.o(.data)
    _errno                                   0x2000008c   Data           4  errno.o(.data)
    .bss                                     0x20000090   Section      128  main.o(.bss)
    .bss                                     0x20000110   Section      156  cmd_iface.o(.bss)
    .bss                                     0x200001ac   Section      240  tasks.o(.bss)
    pxReadyTasksLists                        0x200001ac   Data         140  tasks.o(.bss)
    xDelayedTaskList1                        0x20000238   Data          20  tasks.o(.bss)
    xDelayedTaskList2                        0x2000024c   Data          20  tasks.o(.bss)
    xPendingReadyList                        0x20000260   Data          20  tasks.o(.bss)
    xTasksWaitingTermination                 0x20000274   Data          20  tasks.o(.bss)
    xSuspendedTaskList                       0x20000288   Data          20  tasks.o(.bss)
    .bss                                     0x2000029c   Section     3072  heap_4.o(.bss)
    ucHeap                                   0x2000029c   Data        3072  heap_4.o(.bss)
    STACK                                    0x20000ea0   Section     1024  startup_stm32f100xb.o(STACK)

    Global Symbols

    Symbol Name                              Value     Ov Type        Size  Object(Section)

    BuildAttributes$$THM_ISAv4$P$D$K$B$S$PE$A:L22UL41UL21$X:L11$S22US41US21$IEEE1$IW$USESV6$~STKCKD$USESV7$~SHL$OSPACE$ROPI$EBA8$MICROLIB$REQ8$PRES8$EABIv2 0x00000000   Number         0  anon$$obj.o ABSOLUTE
    __ARM_use_no_argv                        0x00000000   Number         0  main.o ABSOLUTE
    _printf_a                                0x00000000   Number         0  stubs.o ABSOLUTE
    _printf_c                                0x00000000   Number         0  stubs.o ABSOLUTE
    _printf_charcount                        0x00000000   Number         0  stubs.o ABSOLUTE
    _printf_d                                0x00000000   Number         0  stubs.o ABSOLUTE
    _printf_e                                0x00000000   Number         0  stubs.o ABSOLUTE
    _printf_f                                0x00000000   Number         0  stubs.o ABSOLUTE
    _printf_flags                            0x00000000   Number         0  stubs.o ABSOLUTE
    _printf_fp_dec                           0x00000000   Number         0  stubs.o ABSOLUTE
    _printf_fp_hex                           0x00000000   Number         0  stubs.o ABSOLUTE
    _printf_g                                0x00000000   Number         0  stubs.o ABSOLUTE
    _printf_i                                0x00000000   Number         0  stubs.o ABSOLUTE
    _printf_int_dec                          0x00000000   Number         0  stubs.o ABSOLUTE
    _printf_l                                0x00000000   Number         0  stubs.o ABSOLUTE
    _printf_lc                               0x00000000   Number         0  stubs.o ABSOLUTE
    _printf_ll                               0x00000000   Number         0  stubs.o ABSOLUTE
    _printf_lld                              0x00000000   Number         0  stubs.o ABSOLUTE
    _printf_lli                              0x00000000   Number         0  stubs.o ABSOLUTE
    _printf_llo                              0x00000000   Number         0  stubs.o ABSOLUTE
    _printf_llu                              0x00000000   Number         0  stubs.o ABSOLUTE
    _printf_llx                              0x00000000   Number         0  stubs.o ABSOLUTE
    _printf_longlong_dec                     0x00000000   Number         0  stubs.o ABSOLUTE
    _printf_longlong_hex                     0x00000000   Number         0  stubs.o ABSOLUTE
    _printf_longlong_oct                     0x00000000   Number         0  stubs.o ABSOLUTE
    _printf_ls                               0x00000000   Number         0  stubs.o ABSOLUTE
    _printf_mbtowc                           0x00000000   Number         0  stubs.o ABSOLUTE
    _printf_n                                0x00000000   Number         0  stubs.o ABSOLUTE
    _printf_o                                0x00000000   Number         0  stubs.o ABSOLUTE
    _printf_p                                0x00000000   Number         0  stubs.o ABSOLUTE
    _printf_percent                          0x00000000   Number         0  stubs.o ABSOLUTE
    _printf_pre_padding                      0x00000000   Number         0  stubs.o ABSOLUTE
    _printf_return_value                     0x00000000   Number         0  stubs.o ABSOLUTE
    _printf_s                                0x00000000   Number         0  stubs.o ABSOLUTE
    _printf_sizespec                         0x00000000   Number         0  stubs.o ABSOLUTE
    _printf_str                              0x00000000   Number         0  stubs.o ABSOLUTE
    _printf_truncate_signed                  0x00000000   Number         0  stubs.o ABSOLUTE
    _printf_truncate_unsigned                0x00000000   Number         0  stubs.o ABSOLUTE
    _printf_u                                0x00000000   Number         0  stubs.o ABSOLUTE
    _printf_wc                               0x00000000   Number         0  stubs.o ABSOLUTE
    _printf_wctomb                           0x00000000   Number         0  stubs.o ABSOLUTE
    _printf_widthprec                        0x00000000   Number         0  stubs.o ABSOLUTE
    _printf_x                                0x00000000   Number         0  stubs.o ABSOLUTE
    __cpp_initialize__aeabi_                  - Undefined Weak Reference
    __cxa_finalize                            - Undefined Weak Reference
    __decompress                              - Undefined Weak Reference
    _clock_init                               - Undefined Weak Reference
    _microlib_exit                            - Undefined Weak Reference
    __Vectors_Size                           0x00000120   Number         0  startup_stm32f100xb.o ABSOLUTE
    __Vectors                                0x08000000   Data           4  startup_stm32f100xb.o(RESET)
    __Vectors_End                            0x08000120   Data           0  startup_stm32f100xb.o(RESET)
    __main                                   0x08000121   Thumb Code     0  entry.o(.ARM.Collect$$$$00000000)
    _main_stk                                0x08000121   Thumb Code     0  entry2.o(.ARM.Collect$$$$00000001)
    _main_scatterload                        0x08000125   Thumb Code     0  entry5.o(.ARM.Collect$$$$00000004)
    __main_after_scatterload                 0x08000129   Thumb Code     0  entry5.o(.ARM.Collect$$$$00000004)
    _main_clock                              0x08000129   Thumb Code     0  entry7b.o(.ARM.Collect$$$$00000008)
    _main_cpp_init                           0x08000129   Thumb Code     0  entry8b.o(.ARM.Collect$$$$0000000A)
    _main_init                               0x08000129   Thumb Code     0  entry9a.o(.ARM.Collect$$$$0000000B)
    __rt_final_cpp                           0x08000131   Thumb Code     0  entry10a.o(.ARM.Collect$$$$0000000D)
    __rt_final_exit                          0x08000131   Thumb Code     0  entry11a.o(.ARM.Collect$$$$0000000F)
    SVC_Handler                              0x08000135   Thumb Code    32  port.o(.emb_text)
    __asm___6_port_c_39a90d8d__prvStartFirstTask 0x08000159   Thumb Code    28  port.o(.emb_text)
    PendSV_Handler                           0x08000179   Thumb Code    64  port.o(.emb_text)
    ulPortSetInterruptMask                   0x080001bd   Thumb Code    14  port.o(.emb_text)
    vPortClearInterruptMask                  0x080001cb   Thumb Code     6  port.o(.emb_text)
    vPortGetIPSR                             0x080001d1   Thumb Code     6  port.o(.emb_text)
    Reset_Handler                            0x080001d9   Thumb Code     8  startup_stm32f100xb.o(.text)
    ADC1_IRQHandler                          0x080001f3   Thumb Code     0  startup_stm32f100xb.o(.text)
    CEC_IRQHandler                           0x080001f3   Thumb Code     0  startup_stm32f100xb.o(.text)
    DMA1_Channel1_IRQHandler                 0x080001f3   Thumb Code     0  startup_stm32f100xb.o(.text)
    DMA1_Channel2_IRQHandler                 0x080001f3   Thumb Code     0  startup_stm32f100xb.o(.text)
    DMA1_Channel3_IRQHandler                 0x080001f3   Thumb Code     0  startup_stm32f100xb.o(.text)
    DMA1_Channel4_IRQHandler                 0x080001f3   Thumb Code     0  startup_stm32f100xb.o(.text)
    DMA1_Channel5_IRQHandler                 0x080001f3   Thumb Code     0  startup_stm32f100xb.o(.text)
    DMA1_Channel6_IRQHandler                 0x080001f3   Thumb Code     0  startup_stm32f100xb.o(.text)
    DMA1_Channel7_IRQHandler                 0x080001f3   Thumb Code     0  startup_stm32f100xb.o(.text)
    EXTI0_IRQHandler                         0x080001f3   Thumb Code     0  startup_stm32f100xb.o(.text)
    EXTI15_10_IRQHandler                     0x080001f3   Thumb Code     0  startup_stm32f100xb.o(.text)
    EXTI1_IRQHandler                         0x080001f3   Thumb Code     0  startup_stm32f100xb.o(.text)
    EXTI2_IRQHandler                         0x080001f3   Thumb Code     0  startup_stm32f100xb.o(.text)
    EXTI3_IRQHandler                         0x080001f3   Thumb Code     0  startup_stm32f100xb.o(.text)
    EXTI4_IRQHandler                         0x080001f3   Thumb Code     0  startup_stm32f100xb.o(.text)
    EXTI9_5_IRQHandler                       0x080001f3   Thumb Code     0  startup_stm32f100xb.o(.text)
    FLASH_IRQHandler                         0x080001f3   Thumb Code     0  startup_stm32f100xb.o(.text)
    I2C1_ER_IRQHandler                       0x080001f3   Thumb Code     0  startup_stm32f100xb.o(.text)
    I2C1_EV_IRQHandler                       0x080001f3   Thumb Code     0  startup_stm32f100xb.o(.text)
    I2C2_ER_IRQHandler                       0x080001f3   Thumb Code     0  startup_stm32f100xb.o(.text)
    I2C2_EV_IRQHandler                       0x080001f3   Thumb Code     0  startup_stm32f100xb.o(.text)
    PVD_IRQHandler                           0x080001f3   Thumb Code     0  startup_stm32f100xb.o(.text)
    RCC_IRQHandler                           0x080001f3   Thumb Code     0  startup_stm32f100xb.o(.text)
    RTC_Alarm_IRQHandler                     0x080001f3   Thumb Code     0  startup_stm32f100xb.o(.text)
    RTC_IRQHandler                           0x080001f3   Thumb Code     0  startup_stm32f100xb.o(.text)
    SPI1_IRQHandler                          0x080001f3   Thumb Code     0  startup_stm32f100xb.o(.text)
    SPI2_IRQHandler                          0x080001f3   Thumb Code     0  startup_stm32f100xb.o(.text)
    TAMPER_IRQHandler                        0x080001f3   Thumb Code     0  startup_stm32f100xb.o(.text)
    TIM1_BRK_TIM15_IRQHandler                0x080001f3   Thumb Code     0  startup_stm32f100xb.o(.text)
    TIM1_CC_IRQHandler                       0x080001f3   Thumb Code     0  startup_stm32f100xb.o(.text)
    TIM1_TRG_COM_TIM17_IRQHandler            0x080001f3   Thumb Code     0  startup_stm32f100xb.o(.text)
    TIM1_UP_TIM16_IRQHandler                 0x080001f3   Thumb Code     0  startup_stm32f100xb.o(.text)
    TIM2_IRQHandler                          0x080001f3   Thumb Code     0  startup_stm32f100xb.o(.text)
    TIM3_IRQHandler                          0x080001f3   Thumb Code     0  startup_stm32f100xb.o(.text)
    TIM4_IRQHandler                          0x080001f3   Thumb Code     0  startup_stm32f100xb.o(.text)
    TIM6_DAC_IRQHandler                      0x080001f3   Thumb Code     0  startup_stm32f100xb.o(.text)
    TIM7_IRQHandler                          0x080001f3   Thumb Code     0  startup_stm32f100xb.o(.text)
    USART1_IRQHandler                        0x080001f3   Thumb Code     0  startup_stm32f100xb.o(.text)
    USART2_IRQHandler                        0x080001f3   Thumb Code     0  startup_stm32f100xb.o(.text)
    USART3_IRQHandler                        0x080001f3   Thumb Code     0  startup_stm32f100xb.o(.text)
    WWDG_IRQHandler                          0x080001f3   Thumb Code     0  startup_stm32f100xb.o(.text)
    ___aeabi_memcpy8$move                    0x080001fd   Thumb Code     0  memmovea.o(.text)
    __aeabi_memcpy                           0x080001fd   Thumb Code    64  memmovea.o(.text)
    __aeabi_memcpy4                          0x080001fd   Thumb Code     0  memmovea.o(.text)
    __aeabi_memmove                          0x080001fd   Thumb Code     0  memmovea.o(.text)
    __aeabi_memmove4                         0x080001fd   Thumb Code     0  memmovea.o(.text)
    __aeabi_memmove8                         0x080001fd   Thumb Code     0  memmovea.o(.text)
    __aeabi_memset                           0x0800023d   Thumb Code    14  memseta.o(.text)
    __aeabi_memset4                          0x0800023d   Thumb Code     0  memseta.o(.text)
    __aeabi_memset8                          0x0800023d   Thumb Code     0  memseta.o(.text)
    __aeabi_memclr                           0x0800024b   Thumb Code     4  memseta.o(.text)
    __aeabi_memclr4                          0x0800024b   Thumb Code     0  memseta.o(.text)
    __aeabi_memclr8                          0x0800024b   Thumb Code     0  memseta.o(.text)
    _memset$wrapper                          0x0800024f   Thumb Code    18  memseta.o(.text)
    strstr                                   0x08000261   Thumb Code    36  strstr.o(.text)
    strlen                                   0x08000285   Thumb Code    14  strlen.o(.text)
    strcmp                                   0x08000293   Thumb Code    28  strcmp.o(.text)
    atoi                                     0x080002af   Thumb Code    26  atoi.o(.text)
    __aeabi_uidiv                            0x080002c9   Thumb Code     0  uidiv.o(.text)
    __aeabi_uidivmod                         0x080002c9   Thumb Code    44  uidiv.o(.text)
    strtol                                   0x080002f5   Thumb Code   112  strtol.o(.text)
    __scatterload                            0x08000365   Thumb Code    28  init.o(.text)
    __scatterload_rt2                        0x08000365   Thumb Code     0  init.o(.text)
    __rt_ctype_table                         0x08000389   Thumb Code     4  ctype_o.o(.text)
    _strtoul                                 0x08000391   Thumb Code   158  _strtoul.o(.text)
    _chval                                   0x0800042f   Thumb Code    28  _chval.o(.text)
    BusFault_Handler                         0x0800044b   Thumb Code     4  stm32f1xx_it.o(i.BusFault_Handler)
    Cmd_Iface_Init                           0x08000451   Thumb Code   104  cmd_iface.o(i.Cmd_Iface_Init)
    DebugMon_Handler                         0x08000501   Thumb Code     2  stm32f1xx_it.o(i.DebugMon_Handler)
    HAL_Delay                                0x08000503   Thumb Code    26  stm32f1xx_hal.o(i.HAL_Delay)
    HAL_GPIO_Init                            0x0800051d   Thumb Code   764  stm32f1xx_hal_gpio.o(i.HAL_GPIO_Init)
    HAL_GPIO_WritePin                        0x08000839   Thumb Code    12  stm32f1xx_hal_gpio.o(i.HAL_GPIO_WritePin)
    HAL_GetTick                              0x08000845   Thumb Code     6  stm32f1xx_hal.o(i.HAL_GetTick)
    HAL_IncTick                              0x08000851   Thumb Code    12  stm32f1xx_hal.o(i.HAL_IncTick)
    HAL_Init                                 0x08000861   Thumb Code    22  stm32f1xx_hal.o(i.HAL_Init)
    HAL_InitTick                             0x08000877   Thumb Code    36  stm32f1xx_hal.o(i.HAL_InitTick)
    HAL_MspInit                              0x0800089d   Thumb Code   130  stm32f1xx_hal_msp.o(i.HAL_MspInit)
    HAL_NVIC_SetPriority                     0x08000929   Thumb Code   124  stm32f1xx_hal_cortex.o(i.HAL_NVIC_SetPriority)
    HAL_NVIC_SetPriorityGrouping             0x080009a5   Thumb Code    32  stm32f1xx_hal_cortex.o(i.HAL_NVIC_SetPriorityGrouping)
    HAL_RCC_ClockConfig                      0x080009cd   Thumb Code   564  stm32f1xx_hal_rcc.o(i.HAL_RCC_ClockConfig)
    HAL_RCC_GetHCLKFreq                      0x08000c0d   Thumb Code     6  stm32f1xx_hal_rcc.o(i.HAL_RCC_GetHCLKFreq)
    HAL_RCC_GetPCLK1Freq                     0x08000c19   Thumb Code    36  stm32f1xx_hal_rcc.o(i.HAL_RCC_GetPCLK1Freq)
    HAL_RCC_GetPCLK2Freq                     0x08000c45   Thumb Code    36  stm32f1xx_hal_rcc.o(i.HAL_RCC_GetPCLK2Freq)
    HAL_RCC_GetSysClockFreq                  0x08000c71   Thumb Code   162  stm32f1xx_hal_rcc.o(i.HAL_RCC_GetSysClockFreq)
    HAL_RCC_OscConfig                        0x08000d41   Thumb Code  2164  stm32f1xx_hal_rcc.o(i.HAL_RCC_OscConfig)
    HAL_SYSTICK_CLKSourceConfig              0x080015b9   Thumb Code    40  stm32f1xx_hal_cortex.o(i.HAL_SYSTICK_CLKSourceConfig)
    HAL_SYSTICK_Config                       0x080015e1   Thumb Code    52  stm32f1xx_hal_cortex.o(i.HAL_SYSTICK_Config)
    HAL_UART_Init                            0x08001615   Thumb Code   110  stm32f1xx_hal_uart.o(i.HAL_UART_Init)
    HAL_UART_MspInit                         0x08001685   Thumb Code   162  stm32f1xx_hal_msp.o(i.HAL_UART_MspInit)
    HardFault_Handler                        0x08001739   Thumb Code     4  stm32f1xx_it.o(i.HardFault_Handler)
    MemManage_Handler                        0x080018e1   Thumb Code     4  stm32f1xx_it.o(i.MemManage_Handler)
    NMI_Handler                              0x080018e5   Thumb Code     2  stm32f1xx_it.o(i.NMI_Handler)
    StartDefaultTask                         0x08001921   Thumb Code    10  main.o(i.StartDefaultTask)
    SysTick_Handler                          0x0800192b   Thumb Code    12  stm32f1xx_it.o(i.SysTick_Handler)
    SystemClock_Config                       0x08001939   Thumb Code   116  main.o(i.SystemClock_Config)
    SystemInit                               0x080019bd   Thumb Code    74  system_stm32f1xx.o(i.SystemInit)
    UsageFault_Handler                       0x08001be1   Thumb Code     4  stm32f1xx_it.o(i.UsageFault_Handler)
    _Error_Handler                           0x08001be5   Thumb Code     4  main.o(i._Error_Handler)
    __0snprintf$1                            0x08001be9   Thumb Code    36  printf1.o(i.__0snprintf$1)
    __1snprintf$1                            0x08001be9   Thumb Code     0  printf1.o(i.__0snprintf$1)
    __2snprintf                              0x08001be9   Thumb Code     0  printf1.o(i.__0snprintf$1)
    __aeabi_errno_addr                       0x08001c11   Thumb Code     4  errno.o(i.__aeabi_errno_addr)
    __rt_errno_addr                          0x08001c11   Thumb Code     0  errno.o(i.__aeabi_errno_addr)
    __scatterload_copy                       0x08001c19   Thumb Code    14  handlers.o(i.__scatterload_copy)
    __scatterload_null                       0x08001c27   Thumb Code     2  handlers.o(i.__scatterload_null)
    __scatterload_zeroinit                   0x08001c29   Thumb Code    14  handlers.o(i.__scatterload_zeroinit)
    complet                                  0x08001e09   Thumb Code   188  cmd_iface.o(i.complet)
    execute                                  0x08001f99   Thumb Code   258  cmd_iface.o(i.execute)
    get_char                                 0x08002169   Thumb Code    26  cmd_iface.o(i.get_char)
    main                                     0x08002189   Thumb Code    56  main.o(i.main)
    microrl_init                             0x0800230d   Thumb Code    42  microrl.o(i.microrl_init)
    microrl_insert_char                      0x0800233d   Thumb Code   312  microrl.o(i.microrl_insert_char)
    microrl_set_complete_callback            0x080024f3   Thumb Code     4  microrl.o(i.microrl_set_complete_callback)
    microrl_set_execute_callback             0x080024f7   Thumb Code     4  microrl.o(i.microrl_set_execute_callback)
    microrl_set_sigint_callback              0x080024fb   Thumb Code     6  microrl.o(i.microrl_set_sigint_callback)
    new_line_handler                         0x08002501   Thumb Code    86  microrl.o(i.new_line_handler)
    osDelay                                  0x08002575   Thumb Code    24  cmsis_os.o(i.osDelay)
    osKernelStart                            0x0800258d   Thumb Code    10  cmsis_os.o(i.osKernelStart)
    osSystickHandler                         0x08002597   Thumb Code    16  cmsis_os.o(i.osSystickHandler)
    osThreadCreate                           0x080025a7   Thumb Code    58  cmsis_os.o(i.osThreadCreate)
    print                                    0x080025e1   Thumb Code    50  cmd_iface.o(i.print)
    print_help                               0x08002619   Thumb Code    28  cmd_iface.o(i.print_help)
    pvPortMalloc                             0x08002ae1   Thumb Code   254  heap_4.o(i.pvPortMalloc)
    pxPortInitialiseStack                    0x08002bf5   Thumb Code    26  port.o(i.pxPortInitialiseStack)
    sigint                                   0x08002c15   Thumb Code    10  cmd_iface.o(i.sigint)
    uxListRemove                             0x08002d6d   Thumb Code    40  list.o(i.uxListRemove)
    vListInitialise                          0x08002d95   Thumb Code    26  list.o(i.vListInitialise)
    vListInitialiseItem                      0x08002daf   Thumb Code     6  list.o(i.vListInitialiseItem)
    vListInsert                              0x08002db5   Thumb Code    52  list.o(i.vListInsert)
    vListInsertEnd                           0x08002de9   Thumb Code    24  list.o(i.vListInsertEnd)
    vPortEnterCritical                       0x08002e01   Thumb Code    58  port.o(i.vPortEnterCritical)
    vPortExitCritical                        0x08002e45   Thumb Code    40  port.o(i.vPortExitCritical)
    vPortFree                                0x08002e71   Thumb Code   112  heap_4.o(i.vPortFree)
    vPortSetupTimerInterrupt                 0x08002ee9   Thumb Code    26  port.o(i.vPortSetupTimerInterrupt)
    vPortYield                               0x08002f09   Thumb Code    18  port.o(i.vPortYield)
    vTaskDelay                               0x08002f21   Thumb Code    94  tasks.o(i.vTaskDelay)
    vTaskMissedYield                         0x08002f91   Thumb Code     8  tasks.o(i.vTaskMissedYield)
    vTaskPlaceOnEventList                    0x08002f9d   Thumb Code    94  tasks.o(i.vTaskPlaceOnEventList)
    vTaskSetTimeOutState                     0x0800300d   Thumb Code    28  tasks.o(i.vTaskSetTimeOutState)
    vTaskStartScheduler                      0x08003031   Thumb Code    70  tasks.o(i.vTaskStartScheduler)
    vTaskSuspendAll                          0x08003091   Thumb Code    12  tasks.o(i.vTaskSuspendAll)
    vTaskSwitchContext                       0x080030a1   Thumb Code   106  tasks.o(i.vTaskSwitchContext)
    xPortStartScheduler                      0x08003121   Thumb Code   140  port.o(i.xPortStartScheduler)
    xPortSysTickHandler                      0x080031c1   Thumb Code    28  port.o(i.xPortSysTickHandler)
    xQueueGenericCreate                      0x080031e1   Thumb Code   102  queue.o(i.xQueueGenericCreate)
    xQueueGenericReset                       0x08003247   Thumb Code   120  queue.o(i.xQueueGenericReset)
    xQueueGenericSend                        0x080032bf   Thumb Code   322  queue.o(i.xQueueGenericSend)
    xTaskCheckForTimeOut                     0x08003401   Thumb Code   108  tasks.o(i.xTaskCheckForTimeOut)
    xTaskGenericCreate                       0x08003475   Thumb Code   282  tasks.o(i.xTaskGenericCreate)
    xTaskGetSchedulerState                   0x080035a9   Thumb Code    24  tasks.o(i.xTaskGetSchedulerState)
    xTaskIncrementTick                       0x080035c9   Thumb Code   272  tasks.o(i.xTaskIncrementTick)
    xTaskPriorityDisinherit                  0x08003705   Thumb Code   160  tasks.o(i.xTaskPriorityDisinherit)
    xTaskRemoveFromEventList                 0x080037b1   Thumb Code   114  tasks.o(i.xTaskRemoveFromEventList)
    xTaskResumeAll                           0x0800383d   Thumb Code   200  tasks.o(i.xTaskResumeAll)
    AHBPrescTable                            0x08003938   Data          16  system_stm32f1xx.o(.constdata)
    APBPrescTable                            0x08003948   Data           8  system_stm32f1xx.o(.constdata)
    __ctype_table                            0x08003950   Data         129  ctype_o.o(.constdata)
    Region$$Table$$Base                      0x08003ad8   Number         0  anon$$obj.o(Region$$Table)
    Region$$Table$$Limit                     0x08003af8   Number         0  anon$$obj.o(Region$$Table)
    defaultTaskHandle                        0x20000000   Data           4  main.o(.data)
    keywords                                 0x20000004   Data          16  cmd_iface.o(.data)
    set_clear_key                            0x20000014   Data           8  cmd_iface.o(.data)
    prl                                      0x2000001c   Data           4  cmd_iface.o(.data)
    xUARTSemaphore                           0x20000020   Data           4  cmd_iface.o(.data)
    SystemCoreClock                          0x20000024   Data           4  system_stm32f1xx.o(.data)
    pxCurrentTCB                             0x2000002c   Data           4  tasks.o(.data)
    prompt_default                           0x20000088   Data           4  microrl.o(.data)
    huart1                                   0x20000090   Data          64  main.o(.bss)
    huart2                                   0x200000d0   Data          64  main.o(.bss)
    compl_world                              0x20000110   Data          20  cmd_iface.o(.bss)
    rl                                       0x20000124   Data         136  cmd_iface.o(.bss)
    __initial_sp                             0x200012a0   Data           0  startup_stm32f100xb.o(STACK)



==============================================================================

Memory Map of the image

  Image Entry point : 0x08000121

  Load Region LR_IROM1 (Base: 0x08000000, Size: 0x00003b88, Max: 0x00020000, ABSOLUTE)

    Execution Region ER_IROM1 (Base: 0x08000000, Size: 0x00003af8, Max: 0x00020000, ABSOLUTE)

    Base Addr    Size         Type   Attr      Idx    E Section Name        Object

    0x08000000   0x00000120   Data   RO            3    RESET               startup_stm32f100xb.o
    0x08000120   0x00000000   Code   RO         2724  * .ARM.Collect$$$$00000000  mc_w.l(entry.o)
    0x08000120   0x00000004   Code   RO         3008    .ARM.Collect$$$$00000001  mc_w.l(entry2.o)
    0x08000124   0x00000004   Code   RO         3011    .ARM.Collect$$$$00000004  mc_w.l(entry5.o)
    0x08000128   0x00000000   Code   RO         3013    .ARM.Collect$$$$00000008  mc_w.l(entry7b.o)
    0x08000128   0x00000000   Code   RO         3015    .ARM.Collect$$$$0000000A  mc_w.l(entry8b.o)
    0x08000128   0x00000008   Code   RO         3016    .ARM.Collect$$$$0000000B  mc_w.l(entry9a.o)
    0x08000130   0x00000000   Code   RO         3018    .ARM.Collect$$$$0000000D  mc_w.l(entry10a.o)
    0x08000130   0x00000000   Code   RO         3020    .ARM.Collect$$$$0000000F  mc_w.l(entry11a.o)
    0x08000130   0x00000004   Code   RO         3009    .ARM.Collect$$$$00002712  mc_w.l(entry2.o)
    0x08000134   0x000000a2   Code   RO         2542    .emb_text           port.o
    0x080001d6   0x00000002   PAD
    0x080001d8   0x00000024   Code   RO            4    .text               startup_stm32f100xb.o
    0x080001fc   0x00000040   Code   RO         2731    .text               mc_w.l(memmovea.o)
    0x0800023c   0x00000024   Code   RO         2733    .text               mc_w.l(memseta.o)
    0x08000260   0x00000024   Code   RO         2735    .text               mc_w.l(strstr.o)
    0x08000284   0x0000000e   Code   RO         2737    .text               mc_w.l(strlen.o)
    0x08000292   0x0000001c   Code   RO         2739    .text               mc_w.l(strcmp.o)
    0x080002ae   0x0000001a   Code   RO         3006    .text               mc_w.l(atoi.o)
    0x080002c8   0x0000002c   Code   RO         3025    .text               mc_w.l(uidiv.o)
    0x080002f4   0x00000070   Code   RO         3036    .text               mc_w.l(strtol.o)
    0x08000364   0x00000024   Code   RO         3049    .text               mc_w.l(init.o)
    0x08000388   0x00000008   Code   RO         3056    .text               mc_w.l(ctype_o.o)
    0x08000390   0x0000009e   Code   RO         3084    .text               mc_w.l(_strtoul.o)
    0x0800042e   0x0000001c   Code   RO         3089    .text               mc_w.l(_chval.o)
    0x0800044a   0x00000004   Code   RO          203    i.BusFault_Handler  stm32f1xx_it.o
    0x0800044e   0x00000002   PAD
    0x08000450   0x00000098   Code   RO          318    i.Cmd_Iface_Init    cmd_iface.o
    0x080004e8   0x00000018   Code   RO          319    i.Cmd_Iface_Task    cmd_iface.o
    0x08000500   0x00000002   Code   RO          204    i.DebugMon_Handler  stm32f1xx_it.o
    0x08000502   0x0000001a   Code   RO         1077    i.HAL_Delay         stm32f1xx_hal.o
    0x0800051c   0x0000031c   Code   RO          560    i.HAL_GPIO_Init     stm32f1xx_hal_gpio.o
    0x08000838   0x0000000c   Code   RO          564    i.HAL_GPIO_WritePin  stm32f1xx_hal_gpio.o
    0x08000844   0x0000000c   Code   RO         1081    i.HAL_GetTick       stm32f1xx_hal.o
    0x08000850   0x00000010   Code   RO         1082    i.HAL_IncTick       stm32f1xx_hal.o
    0x08000860   0x00000016   Code   RO         1083    i.HAL_Init          stm32f1xx_hal.o
    0x08000876   0x00000024   Code   RO         1084    i.HAL_InitTick      stm32f1xx_hal.o
    0x0800089a   0x00000002   PAD
    0x0800089c   0x0000008c   Code   RO          266    i.HAL_MspInit       stm32f1xx_hal_msp.o
    0x08000928   0x0000007c   Code   RO          443    i.HAL_NVIC_SetPriority  stm32f1xx_hal_cortex.o
    0x080009a4   0x00000028   Code   RO          444    i.HAL_NVIC_SetPriorityGrouping  stm32f1xx_hal_cortex.o
    0x080009cc   0x00000240   Code   RO         1205    i.HAL_RCC_ClockConfig  stm32f1xx_hal_rcc.o
    0x08000c0c   0x0000000c   Code   RO         1210    i.HAL_RCC_GetHCLKFreq  stm32f1xx_hal_rcc.o
    0x08000c18   0x0000002c   Code   RO         1212    i.HAL_RCC_GetPCLK1Freq  stm32f1xx_hal_rcc.o
    0x08000c44   0x0000002c   Code   RO         1213    i.HAL_RCC_GetPCLK2Freq  stm32f1xx_hal_rcc.o
    0x08000c70   0x000000d0   Code   RO         1214    i.HAL_RCC_GetSysClockFreq  stm32f1xx_hal_rcc.o
    0x08000d40   0x00000878   Code   RO         1217    i.HAL_RCC_OscConfig  stm32f1xx_hal_rcc.o
    0x080015b8   0x00000028   Code   RO          446    i.HAL_SYSTICK_CLKSourceConfig  stm32f1xx_hal_cortex.o
    0x080015e0   0x00000034   Code   RO          448    i.HAL_SYSTICK_Config  stm32f1xx_hal_cortex.o
    0x08001614   0x0000006e   Code   RO         1394    i.HAL_UART_Init     stm32f1xx_hal_uart.o
    0x08001682   0x00000002   PAD
    0x08001684   0x000000b4   Code   RO          268    i.HAL_UART_MspInit  stm32f1xx_hal_msp.o
    0x08001738   0x00000004   Code   RO          205    i.HardFault_Handler  stm32f1xx_it.o
    0x0800173c   0x0000010c   Code   RO           13    i.MX_GPIO_Init      main.o
    0x08001848   0x0000004c   Code   RO           14    i.MX_USART1_UART_Init  main.o
    0x08001894   0x0000004c   Code   RO           15    i.MX_USART2_UART_Init  main.o
    0x080018e0   0x00000004   Code   RO          206    i.MemManage_Handler  stm32f1xx_it.o
    0x080018e4   0x00000002   Code   RO          207    i.NMI_Handler       stm32f1xx_it.o
    0x080018e6   0x00000002   PAD
    0x080018e8   0x00000010   Code   RO          450    i.NVIC_GetPriorityGrouping  stm32f1xx_hal_cortex.o
    0x080018f8   0x00000028   Code   RO          451    i.NVIC_SetPriority  stm32f1xx_hal_cortex.o
    0x08001920   0x0000000a   Code   RO           16    i.StartDefaultTask  main.o
    0x0800192a   0x0000000c   Code   RO          208    i.SysTick_Handler   stm32f1xx_it.o
    0x08001936   0x00000002   PAD
    0x08001938   0x00000084   Code   RO           17    i.SystemClock_Config  main.o
    0x080019bc   0x0000005c   Code   RO          399    i.SystemInit        system_stm32f1xx.o
    0x08001a18   0x000001c8   Code   RO         1414    i.UART_SetConfig    stm32f1xx_hal_uart.o
    0x08001be0   0x00000004   Code   RO          209    i.UsageFault_Handler  stm32f1xx_it.o
    0x08001be4   0x00000004   Code   RO           18    i._Error_Handler    main.o
    0x08001be8   0x00000028   Code   RO         2791    i.__0snprintf$1     mc_w.l(printf1.o)
    0x08001c10   0x00000008   Code   RO         3029    i.__aeabi_errno_addr  mc_w.l(errno.o)
    0x08001c18   0x0000000e   Code   RO         3093    i.__scatterload_copy  mc_w.l(handlers.o)
    0x08001c26   0x00000002   Code   RO         3094    i.__scatterload_null  mc_w.l(handlers.o)
    0x08001c28   0x0000000e   Code   RO         3095    i.__scatterload_zeroinit  mc_w.l(handlers.o)
    0x08001c36   0x00000002   PAD
    0x08001c38   0x00000154   Code   RO         2797    i._printf_core      mc_w.l(printf1.o)
    0x08001d8c   0x00000016   Code   RO         2798    i._snputc           mc_w.l(printf1.o)
    0x08001da2   0x00000064   Code   RO         2613    i.common_len        microrl.o
    0x08001e06   0x00000002   PAD
    0x08001e08   0x000000e0   Code   RO          320    i.complet           cmd_iface.o
    0x08001ee8   0x000000b0   Code   RO         2614    i.escape_process    microrl.o
    0x08001f98   0x000001d0   Code   RO          321    i.execute           cmd_iface.o
    0x08002168   0x00000020   Code   RO          322    i.get_char          cmd_iface.o
    0x08002188   0x00000040   Code   RO           19    i.main              main.o
    0x080021c8   0x0000000e   Code   RO         1737    i.makeFreeRtosPriority  cmsis_os.o
    0x080021d6   0x00000002   PAD
    0x080021d8   0x0000004c   Code   RO         2615    i.microrl_backspace  microrl.o
    0x08002224   0x000000e8   Code   RO         2616    i.microrl_get_complite  microrl.o
    0x0800230c   0x00000030   Code   RO         2617    i.microrl_init      microrl.o
    0x0800233c   0x0000013c   Code   RO         2618    i.microrl_insert_char  microrl.o
    0x08002478   0x0000007a   Code   RO         2619    i.microrl_insert_text  microrl.o
    0x080024f2   0x00000004   Code   RO         2620    i.microrl_set_complete_callback  microrl.o
    0x080024f6   0x00000004   Code   RO         2621    i.microrl_set_execute_callback  microrl.o
    0x080024fa   0x00000006   Code   RO         2622    i.microrl_set_sigint_callback  microrl.o
    0x08002500   0x00000074   Code   RO         2623    i.new_line_handler  microrl.o
    0x08002574   0x00000018   Code   RO         1738    i.osDelay           cmsis_os.o
    0x0800258c   0x0000000a   Code   RO         1741    i.osKernelStart     cmsis_os.o
    0x08002596   0x00000010   Code   RO         1770    i.osSystickHandler  cmsis_os.o
    0x080025a6   0x0000003a   Code   RO         1771    i.osThreadCreate    cmsis_os.o
    0x080025e0   0x00000038   Code   RO          323    i.print             cmd_iface.o
    0x08002618   0x00000074   Code   RO          324    i.print_help        cmd_iface.o
    0x0800268c   0x0000000e   Code   RO         2624    i.print_prompt      microrl.o
    0x0800269a   0x00000002   PAD
    0x0800269c   0x00000054   Code   RO         2074    i.prvAddCurrentTaskToDelayedList  tasks.o
    0x080026f0   0x00000036   Code   RO         2075    i.prvAllocateTCBAndStack  tasks.o
    0x08002726   0x00000002   PAD
    0x08002728   0x00000064   Code   RO         2076    i.prvCheckTasksWaitingTermination  tasks.o
    0x0800278c   0x00000080   Code   RO         2358    i.prvCopyDataToQueue  queue.o
    0x0800280c   0x00000012   Code   RO         2077    i.prvDeleteTCB      tasks.o
    0x0800281e   0x00000002   PAD
    0x08002820   0x0000007c   Code   RO         2493    i.prvHeapInit       heap_4.o
    0x0800289c   0x00000018   Code   RO         2078    i.prvIdleTask       tasks.o
    0x080028b4   0x00000062   Code   RO         2079    i.prvInitialiseTCBVariables  tasks.o
    0x08002916   0x00000002   PAD
    0x08002918   0x00000068   Code   RO         2080    i.prvInitialiseTaskLists  tasks.o
    0x08002980   0x00000068   Code   RO         2494    i.prvInsertBlockIntoFreeList  heap_4.o
    0x080029e8   0x0000001e   Code   RO         2360    i.prvIsQueueFull    queue.o
    0x08002a06   0x00000002   PAD
    0x08002a08   0x00000034   Code   RO         2081    i.prvResetNextTaskUnblockTime  tasks.o
    0x08002a3c   0x00000024   Code   RO         2543    i.prvTaskExitError  port.o
    0x08002a60   0x0000007e   Code   RO         2361    i.prvUnlockQueue    queue.o
    0x08002ade   0x00000002   PAD
    0x08002ae0   0x00000114   Code   RO         2495    i.pvPortMalloc      heap_4.o
    0x08002bf4   0x00000020   Code   RO         2544    i.pxPortInitialiseStack  port.o
    0x08002c14   0x0000001c   Code   RO          325    i.sigint            cmd_iface.o
    0x08002c30   0x00000058   Code   RO         2625    i.split             microrl.o
    0x08002c88   0x0000004c   Code   RO         2626    i.terminal_move_cursor  microrl.o
    0x08002cd4   0x00000014   Code   RO         2627    i.terminal_newline  microrl.o
    0x08002ce8   0x00000054   Code   RO         2628    i.terminal_print_line  microrl.o
    0x08002d3c   0x00000030   Code   RO         2629    i.terminal_reset_cursor  microrl.o
    0x08002d6c   0x00000028   Code   RO         1617    i.uxListRemove      list.o
    0x08002d94   0x0000001a   Code   RO         1618    i.vListInitialise   list.o
    0x08002dae   0x00000006   Code   RO         1619    i.vListInitialiseItem  list.o
    0x08002db4   0x00000034   Code   RO         1620    i.vListInsert       list.o
    0x08002de8   0x00000018   Code   RO         1621    i.vListInsertEnd    list.o
    0x08002e00   0x00000044   Code   RO         2546    i.vPortEnterCritical  port.o
    0x08002e44   0x0000002c   Code   RO         2547    i.vPortExitCritical  port.o
    0x08002e70   0x00000078   Code   RO         2496    i.vPortFree         heap_4.o
    0x08002ee8   0x00000020   Code   RO         2548    i.vPortSetupTimerInterrupt  port.o
    0x08002f08   0x00000018   Code   RO         2550    i.vPortYield        port.o
    0x08002f20   0x00000070   Code   RO         2089    i.vTaskDelay        tasks.o
    0x08002f90   0x0000000c   Code   RO         2092    i.vTaskMissedYield  tasks.o
    0x08002f9c   0x00000070   Code   RO         2094    i.vTaskPlaceOnEventList  tasks.o
    0x0800300c   0x00000024   Code   RO         2099    i.vTaskSetTimeOutState  tasks.o
    0x08003030   0x00000060   Code   RO         2100    i.vTaskStartScheduler  tasks.o
    0x08003090   0x00000010   Code   RO         2102    i.vTaskSuspendAll   tasks.o
    0x080030a0   0x00000080   Code   RO         2103    i.vTaskSwitchContext  tasks.o
    0x08003120   0x000000a0   Code   RO         2551    i.xPortStartScheduler  port.o
    0x080031c0   0x00000020   Code   RO         2552    i.xPortSysTickHandler  port.o
    0x080031e0   0x00000066   Code   RO         2369    i.xQueueGenericCreate  queue.o
    0x08003246   0x00000078   Code   RO         2371    i.xQueueGenericReset  queue.o
    0x080032be   0x00000142   Code   RO         2372    i.xQueueGenericSend  queue.o
    0x08003400   0x00000074   Code   RO         2104    i.xTaskCheckForTimeOut  tasks.o
    0x08003474   0x00000134   Code   RO         2105    i.xTaskGenericCreate  tasks.o
    0x080035a8   0x00000020   Code   RO         2109    i.xTaskGetSchedulerState  tasks.o
    0x080035c8   0x0000013c   Code   RO         2112    i.xTaskIncrementTick  tasks.o
    0x08003704   0x000000ac   Code   RO         2115    i.xTaskPriorityDisinherit  tasks.o
    0x080037b0   0x0000008c   Code   RO         2116    i.xTaskRemoveFromEventList  tasks.o
    0x0800383c   0x000000e8   Code   RO         2118    i.xTaskResumeAll    tasks.o
    0x08003924   0x00000014   Data   RO           21    .constdata          main.o
    0x08003938   0x00000018   Data   RO          400    .constdata          system_stm32f1xx.o
    0x08003950   0x00000081   Data   RO         3057    .constdata          mc_w.l(ctype_o.o)
    0x080039d1   0x00000003   PAD
    0x080039d4   0x00000004   Data   RO         3058    .constdata          mc_w.l(ctype_o.o)
    0x080039d8   0x0000000c   Data   RO           22    .conststring        main.o
    0x080039e4   0x000000dd   Data   RO          327    .conststring        cmd_iface.o
    0x08003ac1   0x00000003   PAD
    0x08003ac4   0x00000011   Data   RO         2630    .conststring        microrl.o
    0x08003ad5   0x00000003   PAD
    0x08003ad8   0x00000020   Data   RO         3091    Region$$Table       anon$$obj.o


    Execution Region RW_IRAM1 (Base: 0x20000000, Size: 0x000012a0, Max: 0x00002000, ABSOLUTE)

    Base Addr    Size         Type   Attr      Idx    E Section Name        Object

    0x20000000   0x00000004   Data   RW           23    .data               main.o
    0x20000004   0x00000020   Data   RW          328    .data               cmd_iface.o
    0x20000024   0x00000004   Data   RW          401    .data               system_stm32f1xx.o
    0x20000028   0x00000004   Data   RW         1089    .data               stm32f1xx_hal.o
    0x2000002c   0x00000038   Data   RW         2121    .data               tasks.o
    0x20000064   0x00000018   Data   RW         2501    .data               heap_4.o
    0x2000007c   0x0000000c   Data   RW         2553    .data               port.o
    0x20000088   0x00000004   Data   RW         2631    .data               microrl.o
    0x2000008c   0x00000004   Data   RW         3032    .data               mc_w.l(errno.o)
    0x20000090   0x00000080   Zero   RW           20    .bss                main.o
    0x20000110   0x0000009c   Zero   RW          326    .bss                cmd_iface.o
    0x200001ac   0x000000f0   Zero   RW         2120    .bss                tasks.o
    0x2000029c   0x00000c00   Zero   RW         2500    .bss                heap_4.o
    0x20000e9c   0x00000004   PAD
    0x20000ea0   0x00000400   Zero   RW            1    STACK               startup_stm32f100xb.o


==============================================================================

Image component sizes


      Code (inc. data)   RO Data    RW Data    ZI Data      Debug   Object Name

      1096        412        221         32        156       7134   cmd_iface.o
       122          0          0          0          0       7730   cmsis_os.o
       624         64          0         24       3072       4311   heap_4.o
       148          0          0          0          0       5014   list.o
       630         98         32          4        128     303406   main.o
      1530        110         17          4          0      11854   microrl.o
       590         72          0         12          0       7933   port.o
       828          0          0          0          0       6611   queue.o
        36          8        288          0       1024        820   startup_stm32f100xb.o
       112         10          0          4          0       3714   stm32f1xx_hal.o
       312         22          0          0          0      26272   stm32f1xx_hal_cortex.o
       808         32          0          0          0       2884   stm32f1xx_hal_gpio.o
       320         28          0          0          0       1613   stm32f1xx_hal_msp.o
      3052        108          0          0          0       5824   stm32f1xx_hal_rcc.o
       566          6          0          0          0       1748   stm32f1xx_hal_uart.o
        32          0          0          0          0       3095   stm32f1xx_it.o
        92         18         24          4          0       1203   system_stm32f1xx.o
      2362        340          0         56        240      18679   tasks.o

    ----------------------------------------------------------------------
     13288       1328        620        140       4624     419845   Object Totals
         0          0         32          0          0          0   (incl. Generated)
        28          0          6          0          4          0   (incl. Padding)

    ----------------------------------------------------------------------

      Code (inc. data)   RO Data    RW Data    ZI Data      Debug   Library Member Name

        28          0          0          0          0         68   _chval.o
       158          0          0          0          0         92   _strtoul.o
        26          0          0          0          0         80   atoi.o
         8          4        133          0          0         68   ctype_o.o
         0          0          0          0          0          0   entry.o
         0          0          0          0          0          0   entry10a.o
         0          0          0          0          0          0   entry11a.o
         8          4          0          0          0          0   entry2.o
         4          0          0          0          0          0   entry5.o
         0          0          0          0          0          0   entry7b.o
         0          0          0          0          0          0   entry8b.o
         8          4          0          0          0          0   entry9a.o
         8          4          0          4          0         68   errno.o
        30          0          0          0          0          0   handlers.o
        36          8          0          0          0         68   init.o
        64          0          0          0          0         76   memmovea.o
        36          0          0          0          0        108   memseta.o
       402          8          0          0          0        252   printf1.o
        28          0          0          0          0         76   strcmp.o
        14          0          0          0          0         68   strlen.o
        36          0          0          0          0         80   strstr.o
       112          0          0          0          0         88   strtol.o
        44          0          0          0          0         80   uidiv.o

    ----------------------------------------------------------------------
      1052         32        136          4          0       1272   Library Totals
         2          0          3          0          0          0   (incl. Padding)

    ----------------------------------------------------------------------

      Code (inc. data)   RO Data    RW Data    ZI Data      Debug   Library Name

      1050         32        133          4          0       1272   mc_w.l

    ----------------------------------------------------------------------
      1052         32        136          4          0       1272   Library Totals

    ----------------------------------------------------------------------

==============================================================================


      Code (inc. data)   RO Data    RW Data    ZI Data      Debug   

     14340       1360        756        144       4624     414977   Grand Totals
     14340       1360        756        144       4624     414977   ELF Image Totals
     14340       1360        756        144          0          0   ROM Totals

==============================================================================

    Total RO  Size (Code + RO Data)                15096 (  14.74kB)
    Total RW  Size (RW Data + ZI Data)              4768 (   4.66kB)
    Total ROM Size (Code + RO Data + RW Data)      15240 (  14.88kB)

==============================================================================

