<html>
<body>
<pre>
<h1>µVision Build Log</h1>
<h2>Tool Versions:</h2>
IDE-Version: µVision V5.17.0.0
Copyright (C) 2015 ARM Ltd and ARM Germany GmbH. All rights reserved.
License Information: noW noW, GEO, LIC=HF8WF-62X2I-WJ96K-ZARRL-VTY53-2R3MP
 
Tool Versions:
Toolchain:       MDK-ARM Professional  Version: 5.17
Toolchain Path:  C:\Program Files\Keil\ARM\ARMCC\Bin
C Compiler:      Armcc.exe V5.06 update 1 (build 61)
Assembler:       Armasm.exe V5.06 update 1 (build 61)
Linker/Locator:  ArmLink.exe V5.06 update 1 (build 61)
Library Manager: ArmAr.exe V5.06 update 1 (build 61)
Hex Converter:   FromElf.exe V5.06 update 1 (build 61)
CPU DLL:         SARMCM3.DLL V5.17
Dialog DLL:      DCM.DLL V1.13.4.0
Target DLL:      STLink\ST-LINKIII-KEIL_SWO.dll V2.0.18.0
Dialog DLL:      TCM.DLL V1.14.6.0
 
<h2>Project:</h2>
E:\PROJECTS\GIT_REPOSITORY\STM32\STM32F1_MASSAGE_CHAIR\MASSAGE_CHAIR\MDK-ARM\MASSAGE_CHAIR.uvprojx
Project File Date:  05/22/2017

<h2>Output:</h2>
*** Using Compiler 'V5.06 update 1 (build 61)', folder: 'C:\Program Files\Keil\ARM\ARMCC\Bin'
Build target 'MASSAGE_CHAIR'
compiling cmd_iface.c...
..\Src\cmd_iface.c(152): warning:  #223-D: function "atoi" declared implicitly
  						pin = atoi (argv[i]);
..\Src\cmd_iface.c(137): warning:  #177-D: variable "port" was declared but never referenced
  					unsigned char * port = NULL;
..\Src\cmd_iface.c(138): warning:  #550-D: variable "pin" was set but never used
  					int pin = 0;
..\Src\cmd_iface.c(223): warning:  #1-D: last line of file ends without a newline
  }
..\Src\cmd_iface.c: 4 warnings, 0 errors
linking...
Program Size: Code=14340 RO-data=756 RW-data=144 ZI-data=4624  
"MASSAGE_CHAIR\MASSAGE_CHAIR.axf" - 0 Error(s), 4 Warning(s).

<h2>Software Packages used:</h2>

Package Vendor: ARM
                http://www.keil.com/pack/ARM.CMSIS.5.0.1.pack
                ARM::CMSIS:CORE:5.0.1
                CMSIS (Cortex Microcontroller Software Interface Standard)
   * Component: CORE Version: 5.0.1

<h2>Collection of Component include folders:</h2>
  E:\PROJECTS\GIT_REPOSITORY\STM32\STM32F1_MASSAGE_CHAIR\MASSAGE_CHAIR\MDK-ARM\RTE
  C:\Program Files\Keil\ARM\PACK\ARM\CMSIS\5.0.1\CMSIS\Include
  C:\Program Files\Keil\ARM\PACK\Keil\STM32F1xx_DFP\2.1.0\Device\Include

<h2>Collection of Component Files used:</h2>

   * Component: ARM::CMSIS:CORE:5.0.1
Build Time Elapsed:  00:00:01
</pre>
</body>
</html>
